2026-01-18 21:41:25 INFO            _                _                      
2026-01-18 21:41:25 INFO           / \   ___ ___ ___| | ___ _ __ __ _ _   _ 
2026-01-18 21:41:25 INFO          / _ \ / __/ __/ _ \ |/ _ \ '__/ _` | | | |
2026-01-18 21:41:25 INFO         / ___ \ (_| (_|  __/ |  __/ | | (_| | |_| |
2026-01-18 21:41:25 INFO        /_/   \_\___\___\___|_|\___|_|  \__, |\__, |
2026-01-18 21:41:25 INFO                                        |___/ |___/ 
2026-01-18 21:41:25 INFO        generating outputs according to the following specified output flags... 
2026-01-18 21:41:25 INFO         Please use the -f flag to update the preference (default to all output files)
2026-01-18 21:41:25 INFO        {'ERT': 1, 'ERT_summary': 1, 'ART': 1, 'ART_summary': 1, 'energy_estimation': 1, 'flattened_arch': 1}
2026-01-18 21:41:25 INFO        Located config file at /home/workspace/.config/accelergy/accelergy_config.yaml.
2026-01-18 21:41:25 INFO        config file located:
2026-01-18 21:41:25 INFO        /home/workspace/.config/accelergy/accelergy_config.yaml
2026-01-18 21:41:25 INFO        Parsing file /home/workspace/tutorial_exercises/PyNET_DNN_Accelerator_Design_exploration/outputs/layer=./inputs/PyNET_Layer4/problem.yaml/parsed-processed-input.yaml for architecture info
2026-01-18 21:41:25 INFO        Parsing file /home/workspace/tutorial_exercises/PyNET_DNN_Accelerator_Design_exploration/outputs/layer=./inputs/PyNET_Layer4/problem.yaml/parsed-processed-input.yaml for compound_components info
2026-01-18 21:41:25 WARNING     No compound component classes specified, architecture can only contain primitive components
2026-01-18 21:41:25 INFO        Adding required action "update" to class DRAM
2026-01-18 21:41:25 INFO        Adding required action "leak" to class DRAM
2026-01-18 21:41:25 INFO        Adding required action "read" to class DRAM
2026-01-18 21:41:25 INFO        Adding required action "write" to class DRAM
2026-01-18 21:41:25 INFO        Adding required action "update" to class SRAM
2026-01-18 21:41:25 INFO        Adding required action "leak" to class SRAM
2026-01-18 21:41:25 INFO        Adding required action "read" to class SRAM
2026-01-18 21:41:25 INFO        Adding required action "write" to class SRAM
2026-01-18 21:41:25 INFO        Adding required action "compute" to class intmac
2026-01-18 21:41:25 INFO        Estimator plug-in identified by: /usr/local/share/accelergy/estimation_plug_ins/accelergy-aladdin-plug-in/aladdin.estimator.yaml
2026-01-18 21:41:25 INFO        Estimator plug-in identified by: /usr/local/share/accelergy/estimation_plug_ins/accelergy-adc-plug-in/adc.estimator.yaml
2026-01-18 21:41:25 INFO        Estimator plug-in identified by: /usr/local/share/accelergy/estimation_plug_ins/accelergy-library-plugin/library.estimator.yaml
2026-01-18 21:41:25 INFO        Estimator plug-in identified by: /usr/local/share/accelergy/estimation_plug_ins/accelergy-neurosim-plugin/neurosim.estimator.yaml
2026-01-18 21:41:25 INFO        Estimator plug-in identified by: /usr/local/share/accelergy/estimation_plug_ins/accelergy-cacti-plug-in/cacti.estimator.yaml
2026-01-18 21:41:25 INFO        Estimator plug-in identified by: /usr/local/share/accelergy/estimation_plug_ins/accelergy-table-based-plug-ins/table.estimator.yaml
2026-01-18 21:41:25 INFO        Estimator plug-in identified by: /usr/local/share/accelergy/estimation_plug_ins/dummy_tables/dummy.estimator.yaml
2026-01-18 21:41:25 INFO        Loading Python plug-in: /usr/local/share/accelergy/estimation_plug_ins/accelergy-cacti-plug-in/cacti_wrapper.py. Errors below are likely due to plug-in, not Accelergy.
2026-01-18 21:41:25 INFO        Getting all estimators in module <module 'python_plug_in0' from '/usr/local/share/accelergy/estimation_plug_ins/accelergy-cacti-plug-in/cacti_wrapper.py'>
2026-01-18 21:41:25 INFO        Added estimator CactiCache that estimates cache with actions idle, read, read_access, update, update_access, write, write_access, leak
2026-01-18 21:41:25 INFO        Added estimator CactiDRAM that estimates ['DRAM', 'dram'] with actions idle, read, update, write, leak
2026-01-18 21:41:25 INFO        Added estimator CactiSRAM that estimates ['SRAM', 'sram'] with actions idle, read, update, write, leak
2026-01-18 21:41:25 INFO        Done loading Python plug-ins.
2026-01-18 21:41:25 INFO        Found estimator plug-in: Aladdin_table (<AladdinTable.AladdinTable object at 0x75b5cbf275b0>)
2026-01-18 21:41:25 INFO        Found estimator plug-in: ADC Plug-In (<ADCEstimator.ADCEstimator object at 0x75b5cbf258d0>)
2026-01-18 21:41:25 INFO        Found estimator plug-in: Library (<LibraryEstimator.LibraryEstimator object at 0x75b5cbf26bf0>)
2026-01-18 21:41:25 INFO        Found estimator plug-in: Neurosim Plug-In (<NeuroWrapper.NeuroWrapper object at 0x75b5cbf26410>)
2026-01-18 21:41:25 INFO        Found estimator plug-in: DEPRECATED table-based-plug-ins. Use the Library plug-in instead. (<SetsOfTables.SetsOfTables object at 0x75b5cbf24e80>)
2026-01-18 21:41:25 INFO        Found estimator plug-in: dummy (<DummyTable.DummyTable object at 0x75b5cbe56c80>)
2026-01-18 21:41:25 INFO        Found estimator plug-in: CactiCache (<accelergy.plug_in_interface.estimator_wrapper.EstimatorWrapper object at 0x75b5cbe57c70>)
2026-01-18 21:41:25 INFO        Found estimator plug-in: CactiDRAM (<accelergy.plug_in_interface.estimator_wrapper.EstimatorWrapper object at 0x75b5cbe57e50>)
2026-01-18 21:41:25 INFO        Found estimator plug-in: CactiSRAM (<accelergy.plug_in_interface.estimator_wrapper.EstimatorWrapper object at 0x75b5cbe56b00>)
2026-01-18 21:41:25 INFO        
2026-01-18 21:41:25 INFO        ENERGY ESTIMATION for DRAM(depth=536870912, width=8, datawidth=8, block_size=1, has_power_gating=False, n_banks=2, cluster_size=1, reduction_supported=True, multiple_buffering=1, min_utilization=0, allow_overbooking=False, meshX=1, meshY=1, technology=40nm, global_cycle_seconds=1e-09, version=0.4, action_latency_cycles=1, cycle_seconds=1e-09, n_instances=1).update(global_cycle_seconds=1e-09, action_latency_cycles=1)
2026-01-18 21:41:25 INFO        CactiDRAM estimated 6.4e-11 with accuracy 80%. Messages:
2026-01-18 21:41:25 INFO        | Unused arguments (depth, datawidth, block_size, has_power_gating, n_banks, cluster_size, reduction_supported, multiple_buffering, min_utilization, allow_overbooking, meshX, meshY, technology, global_cycle_seconds, version, action_latency_cycles, cycle_seconds, n_instances) provided for ['DRAM', 'dram'].__init__. Arguments used: (width)
2026-01-18 21:41:25 INFO        | Unused arguments (global_cycle_seconds, action_latency_cycles) provided for ['DRAM', 'dram'].update. Arguments used: ()
2026-01-18 21:41:25 INFO        
2026-01-18 21:41:25 INFO        ENERGY ESTIMATION for DRAM(depth=536870912, width=8, datawidth=8, block_size=1, has_power_gating=False, n_banks=2, cluster_size=1, reduction_supported=True, multiple_buffering=1, min_utilization=0, allow_overbooking=False, meshX=1, meshY=1, technology=40nm, global_cycle_seconds=1e-09, version=0.4, action_latency_cycles=1, cycle_seconds=1e-09, n_instances=1).leak(global_cycle_seconds=1e-09, action_latency_cycles=1)
2026-01-18 21:41:25 INFO        CactiDRAM estimated 0 with accuracy 80%. Messages:
2026-01-18 21:41:25 INFO        | Unused arguments (depth, datawidth, block_size, has_power_gating, n_banks, cluster_size, reduction_supported, multiple_buffering, min_utilization, allow_overbooking, meshX, meshY, technology, global_cycle_seconds, version, action_latency_cycles, cycle_seconds, n_instances) provided for ['DRAM', 'dram'].__init__. Arguments used: (width)
2026-01-18 21:41:25 INFO        | Unused arguments (action_latency_cycles) provided for ['DRAM', 'dram'].leak. Arguments used: (global_cycle_seconds)
2026-01-18 21:41:25 INFO        | Multiplying by n_instances 1
2026-01-18 21:41:25 INFO        
2026-01-18 21:41:25 INFO        ENERGY ESTIMATION for DRAM(depth=536870912, width=8, datawidth=8, block_size=1, has_power_gating=False, n_banks=2, cluster_size=1, reduction_supported=True, multiple_buffering=1, min_utilization=0, allow_overbooking=False, meshX=1, meshY=1, technology=40nm, global_cycle_seconds=1e-09, version=0.4, action_latency_cycles=1, cycle_seconds=1e-09, n_instances=1).read(global_cycle_seconds=1e-09, action_latency_cycles=1)
2026-01-18 21:41:25 INFO        CactiDRAM estimated 6.4e-11 with accuracy 80%. Messages:
2026-01-18 21:41:25 INFO        | Unused arguments (depth, datawidth, block_size, has_power_gating, n_banks, cluster_size, reduction_supported, multiple_buffering, min_utilization, allow_overbooking, meshX, meshY, technology, global_cycle_seconds, version, action_latency_cycles, cycle_seconds, n_instances) provided for ['DRAM', 'dram'].__init__. Arguments used: (width)
2026-01-18 21:41:25 INFO        | Unused arguments (global_cycle_seconds, action_latency_cycles) provided for ['DRAM', 'dram'].read. Arguments used: ()
2026-01-18 21:41:25 INFO        
2026-01-18 21:41:25 INFO        ENERGY ESTIMATION for DRAM(depth=536870912, width=8, datawidth=8, block_size=1, has_power_gating=False, n_banks=2, cluster_size=1, reduction_supported=True, multiple_buffering=1, min_utilization=0, allow_overbooking=False, meshX=1, meshY=1, technology=40nm, global_cycle_seconds=1e-09, version=0.4, action_latency_cycles=1, cycle_seconds=1e-09, n_instances=1).write(global_cycle_seconds=1e-09, action_latency_cycles=1)
2026-01-18 21:41:25 INFO        CactiDRAM estimated 6.4e-11 with accuracy 80%. Messages:
2026-01-18 21:41:25 INFO        | Unused arguments (depth, datawidth, block_size, has_power_gating, n_banks, cluster_size, reduction_supported, multiple_buffering, min_utilization, allow_overbooking, meshX, meshY, technology, global_cycle_seconds, version, action_latency_cycles, cycle_seconds, n_instances) provided for ['DRAM', 'dram'].__init__. Arguments used: (width)
2026-01-18 21:41:25 INFO        | Unused arguments (global_cycle_seconds, action_latency_cycles) provided for ['DRAM', 'dram'].write. Arguments used: ()
2026-01-18 21:41:25 INFO        
2026-01-18 21:41:25 INFO        ENERGY ESTIMATION for SRAM(depth=1048576, width=8, datawidth=8, block_size=1, has_power_gating=False, n_banks=2, cluster_size=1, reduction_supported=True, multiple_buffering=1, min_utilization=0, allow_overbooking=False, meshX=1, meshY=1, technology=40nm, global_cycle_seconds=1e-09, version=0.4, action_latency_cycles=1, cycle_seconds=1e-09, n_instances=1).update(global_cycle_seconds=1e-09, action_latency_cycles=1)
2026-01-18 21:41:28 INFO        CactiSRAM estimated 3.875960538461539e-11 with accuracy 80%. Messages:
2026-01-18 21:41:28 INFO        | Unused arguments (datawidth, block_size, has_power_gating, cluster_size, reduction_supported, multiple_buffering, min_utilization, allow_overbooking, meshX, meshY, global_cycle_seconds, version, action_latency_cycles, cycle_seconds, n_instances) provided for ['SRAM', 'sram'].__init__. Arguments used: (depth, width, n_banks, technology)
2026-01-18 21:41:28 INFO        | Unused arguments (global_cycle_seconds, action_latency_cycles) provided for ['SRAM', 'sram'].update. Arguments used: ()
2026-01-18 21:41:28 INFO        | Interpolating technology between 32 and 45.
2026-01-18 21:41:28 INFO        | Calling CACTI with cache_size=4194304 n_rw_ports=1 block_size=4 tech_node_um=0.032 n_banks=2 tag_size=0 associativity=1
2026-01-18 21:41:28 INFO        | Calling CACTI with input path /usr/local/share/accelergy/estimation_plug_ins/accelergy-cacti-plug-in/cacti_inputs_outputs/tmp4dxgs835
2026-01-18 21:41:28 INFO        | CACTI output will be written to /usr/local/share/accelergy/estimation_plug_ins/accelergy-cacti-plug-in/cacti_inputs_outputs/tmp2j7bpaw_
2026-01-18 21:41:28 INFO        | CACTI executable not found at /usr/local/share/accelergy/estimation_plug_ins/accelergy-cacti-plug-in/cacti/cacti
2026-01-18 21:41:28 INFO        | Calling: cd /usr/local/share/accelergy/estimation_plug_ins/accelergy-cacti-plug-in ; ./cacti -infile /usr/local/share/accelergy/estimation_plug_ins/accelergy-cacti-plug-in/cacti_inputs_outputs/tmp4dxgs835 >> /usr/local/share/accelergy/estimation_plug_ins/accelergy-cacti-plug-in/cacti_inputs_outputs/tmp2j7bpaw_ 2>&1
2026-01-18 21:41:28 INFO        | Calling CACTI with cache_size=4194304 n_rw_ports=1 block_size=4 tech_node_um=0.045 n_banks=2 tag_size=0 associativity=1
2026-01-18 21:41:28 INFO        | Calling CACTI with input path /usr/local/share/accelergy/estimation_plug_ins/accelergy-cacti-plug-in/cacti_inputs_outputs/tmp9mzg5mkn
2026-01-18 21:41:28 INFO        | CACTI output will be written to /usr/local/share/accelergy/estimation_plug_ins/accelergy-cacti-plug-in/cacti_inputs_outputs/tmpxuhkna2o
2026-01-18 21:41:28 INFO        | CACTI executable not found at /usr/local/share/accelergy/estimation_plug_ins/accelergy-cacti-plug-in/cacti/cacti
2026-01-18 21:41:28 INFO        | Calling: cd /usr/local/share/accelergy/estimation_plug_ins/accelergy-cacti-plug-in ; ./cacti -infile /usr/local/share/accelergy/estimation_plug_ins/accelergy-cacti-plug-in/cacti_inputs_outputs/tmp9mzg5mkn >> /usr/local/share/accelergy/estimation_plug_ins/accelergy-cacti-plug-in/cacti_inputs_outputs/tmpxuhkna2o 2>&1
2026-01-18 21:41:28 INFO        | Cache bandwidth: 2.0 bytes/cycle
2026-01-18 21:41:28 INFO        | Cache bandwidth: 5410814814.082581 bits/second
2026-01-18 21:41:28 INFO        
2026-01-18 21:41:28 INFO        ENERGY ESTIMATION for SRAM(depth=1048576, width=8, datawidth=8, block_size=1, has_power_gating=False, n_banks=2, cluster_size=1, reduction_supported=True, multiple_buffering=1, min_utilization=0, allow_overbooking=False, meshX=1, meshY=1, technology=40nm, global_cycle_seconds=1e-09, version=0.4, action_latency_cycles=1, cycle_seconds=1e-09, n_instances=1).leak(global_cycle_seconds=1e-09, action_latency_cycles=1)
2026-01-18 21:41:30 INFO        CactiSRAM estimated 3.147902307692308e-14 with accuracy 80%. Messages:
2026-01-18 21:41:30 INFO        | Unused arguments (datawidth, block_size, has_power_gating, cluster_size, reduction_supported, multiple_buffering, min_utilization, allow_overbooking, meshX, meshY, global_cycle_seconds, version, action_latency_cycles, cycle_seconds, n_instances) provided for ['SRAM', 'sram'].__init__. Arguments used: (depth, width, n_banks, technology)
2026-01-18 21:41:30 INFO        | Unused arguments (action_latency_cycles) provided for ['SRAM', 'sram'].leak. Arguments used: (global_cycle_seconds)
2026-01-18 21:41:30 INFO        | Interpolating technology between 32 and 45.
2026-01-18 21:41:30 INFO        | Calling CACTI with cache_size=4194304 n_rw_ports=1 block_size=4 tech_node_um=0.032 n_banks=2 tag_size=0 associativity=1
2026-01-18 21:41:30 INFO        | Calling CACTI with input path /usr/local/share/accelergy/estimation_plug_ins/accelergy-cacti-plug-in/cacti_inputs_outputs/tmp8r7755j6
2026-01-18 21:41:30 INFO        | CACTI output will be written to /usr/local/share/accelergy/estimation_plug_ins/accelergy-cacti-plug-in/cacti_inputs_outputs/tmpfcwa9gwi
2026-01-18 21:41:30 INFO        | CACTI executable not found at /usr/local/share/accelergy/estimation_plug_ins/accelergy-cacti-plug-in/cacti/cacti
2026-01-18 21:41:30 INFO        | Calling: cd /usr/local/share/accelergy/estimation_plug_ins/accelergy-cacti-plug-in ; ./cacti -infile /usr/local/share/accelergy/estimation_plug_ins/accelergy-cacti-plug-in/cacti_inputs_outputs/tmp8r7755j6 >> /usr/local/share/accelergy/estimation_plug_ins/accelergy-cacti-plug-in/cacti_inputs_outputs/tmpfcwa9gwi 2>&1
2026-01-18 21:41:30 INFO        | Calling CACTI with cache_size=4194304 n_rw_ports=1 block_size=4 tech_node_um=0.045 n_banks=2 tag_size=0 associativity=1
2026-01-18 21:41:30 INFO        | Calling CACTI with input path /usr/local/share/accelergy/estimation_plug_ins/accelergy-cacti-plug-in/cacti_inputs_outputs/tmpn31pp298
2026-01-18 21:41:30 INFO        | CACTI output will be written to /usr/local/share/accelergy/estimation_plug_ins/accelergy-cacti-plug-in/cacti_inputs_outputs/tmpe7nu80zf
2026-01-18 21:41:30 INFO        | CACTI executable not found at /usr/local/share/accelergy/estimation_plug_ins/accelergy-cacti-plug-in/cacti/cacti
2026-01-18 21:41:30 INFO        | Calling: cd /usr/local/share/accelergy/estimation_plug_ins/accelergy-cacti-plug-in ; ./cacti -infile /usr/local/share/accelergy/estimation_plug_ins/accelergy-cacti-plug-in/cacti_inputs_outputs/tmpn31pp298 >> /usr/local/share/accelergy/estimation_plug_ins/accelergy-cacti-plug-in/cacti_inputs_outputs/tmpe7nu80zf 2>&1
2026-01-18 21:41:30 INFO        | Cache bandwidth: 2.0 bytes/cycle
2026-01-18 21:41:30 INFO        | Cache bandwidth: 5410814814.082581 bits/second
2026-01-18 21:41:30 INFO        | Global cycle time 1e-09 is less than the cache's random cycle time 2.95704076923077e-09
2026-01-18 21:41:30 INFO        | Multiplying by n_instances 1
2026-01-18 21:41:30 INFO        
2026-01-18 21:41:30 INFO        ENERGY ESTIMATION for SRAM(depth=1048576, width=8, datawidth=8, block_size=1, has_power_gating=False, n_banks=2, cluster_size=1, reduction_supported=True, multiple_buffering=1, min_utilization=0, allow_overbooking=False, meshX=1, meshY=1, technology=40nm, global_cycle_seconds=1e-09, version=0.4, action_latency_cycles=1, cycle_seconds=1e-09, n_instances=1).read(global_cycle_seconds=1e-09, action_latency_cycles=1)
2026-01-18 21:41:32 INFO        CactiSRAM estimated 4.6698985576923076e-11 with accuracy 80%. Messages:
2026-01-18 21:41:32 INFO        | Unused arguments (datawidth, block_size, has_power_gating, cluster_size, reduction_supported, multiple_buffering, min_utilization, allow_overbooking, meshX, meshY, global_cycle_seconds, version, action_latency_cycles, cycle_seconds, n_instances) provided for ['SRAM', 'sram'].__init__. Arguments used: (depth, width, n_banks, technology)
2026-01-18 21:41:32 INFO        | Unused arguments (global_cycle_seconds, action_latency_cycles) provided for ['SRAM', 'sram'].read. Arguments used: ()
2026-01-18 21:41:32 INFO        | Interpolating technology between 32 and 45.
2026-01-18 21:41:32 INFO        | Calling CACTI with cache_size=4194304 n_rw_ports=1 block_size=4 tech_node_um=0.032 n_banks=2 tag_size=0 associativity=1
2026-01-18 21:41:32 INFO        | Calling CACTI with input path /usr/local/share/accelergy/estimation_plug_ins/accelergy-cacti-plug-in/cacti_inputs_outputs/tmpxdo12pw9
2026-01-18 21:41:32 INFO        | CACTI output will be written to /usr/local/share/accelergy/estimation_plug_ins/accelergy-cacti-plug-in/cacti_inputs_outputs/tmpu3p2v_cw
2026-01-18 21:41:32 INFO        | CACTI executable not found at /usr/local/share/accelergy/estimation_plug_ins/accelergy-cacti-plug-in/cacti/cacti
2026-01-18 21:41:32 INFO        | Calling: cd /usr/local/share/accelergy/estimation_plug_ins/accelergy-cacti-plug-in ; ./cacti -infile /usr/local/share/accelergy/estimation_plug_ins/accelergy-cacti-plug-in/cacti_inputs_outputs/tmpxdo12pw9 >> /usr/local/share/accelergy/estimation_plug_ins/accelergy-cacti-plug-in/cacti_inputs_outputs/tmpu3p2v_cw 2>&1
2026-01-18 21:41:32 INFO        | Calling CACTI with cache_size=4194304 n_rw_ports=1 block_size=4 tech_node_um=0.045 n_banks=2 tag_size=0 associativity=1
2026-01-18 21:41:32 INFO        | Calling CACTI with input path /usr/local/share/accelergy/estimation_plug_ins/accelergy-cacti-plug-in/cacti_inputs_outputs/tmpqp1w6yf0
2026-01-18 21:41:32 INFO        | CACTI output will be written to /usr/local/share/accelergy/estimation_plug_ins/accelergy-cacti-plug-in/cacti_inputs_outputs/tmpitm1jzk4
2026-01-18 21:41:32 INFO        | CACTI executable not found at /usr/local/share/accelergy/estimation_plug_ins/accelergy-cacti-plug-in/cacti/cacti
2026-01-18 21:41:32 INFO        | Calling: cd /usr/local/share/accelergy/estimation_plug_ins/accelergy-cacti-plug-in ; ./cacti -infile /usr/local/share/accelergy/estimation_plug_ins/accelergy-cacti-plug-in/cacti_inputs_outputs/tmpqp1w6yf0 >> /usr/local/share/accelergy/estimation_plug_ins/accelergy-cacti-plug-in/cacti_inputs_outputs/tmpitm1jzk4 2>&1
2026-01-18 21:41:32 INFO        | Cache bandwidth: 2.0 bytes/cycle
2026-01-18 21:41:32 INFO        | Cache bandwidth: 5410814814.082581 bits/second
2026-01-18 21:41:32 INFO        
2026-01-18 21:41:32 INFO        ENERGY ESTIMATION for SRAM(depth=1048576, width=8, datawidth=8, block_size=1, has_power_gating=False, n_banks=2, cluster_size=1, reduction_supported=True, multiple_buffering=1, min_utilization=0, allow_overbooking=False, meshX=1, meshY=1, technology=40nm, global_cycle_seconds=1e-09, version=0.4, action_latency_cycles=1, cycle_seconds=1e-09, n_instances=1).write(global_cycle_seconds=1e-09, action_latency_cycles=1)
2026-01-18 21:41:35 INFO        CactiSRAM estimated 3.875960538461539e-11 with accuracy 80%. Messages:
2026-01-18 21:41:35 INFO        | Unused arguments (datawidth, block_size, has_power_gating, cluster_size, reduction_supported, multiple_buffering, min_utilization, allow_overbooking, meshX, meshY, global_cycle_seconds, version, action_latency_cycles, cycle_seconds, n_instances) provided for ['SRAM', 'sram'].__init__. Arguments used: (depth, width, n_banks, technology)
2026-01-18 21:41:35 INFO        | Unused arguments (global_cycle_seconds, action_latency_cycles) provided for ['SRAM', 'sram'].write. Arguments used: ()
2026-01-18 21:41:35 INFO        | Interpolating technology between 32 and 45.
2026-01-18 21:41:35 INFO        | Calling CACTI with cache_size=4194304 n_rw_ports=1 block_size=4 tech_node_um=0.032 n_banks=2 tag_size=0 associativity=1
2026-01-18 21:41:35 INFO        | Calling CACTI with input path /usr/local/share/accelergy/estimation_plug_ins/accelergy-cacti-plug-in/cacti_inputs_outputs/tmpvp4qdic7
2026-01-18 21:41:35 INFO        | CACTI output will be written to /usr/local/share/accelergy/estimation_plug_ins/accelergy-cacti-plug-in/cacti_inputs_outputs/tmpmiy9uz8i
2026-01-18 21:41:35 INFO        | CACTI executable not found at /usr/local/share/accelergy/estimation_plug_ins/accelergy-cacti-plug-in/cacti/cacti
2026-01-18 21:41:35 INFO        | Calling: cd /usr/local/share/accelergy/estimation_plug_ins/accelergy-cacti-plug-in ; ./cacti -infile /usr/local/share/accelergy/estimation_plug_ins/accelergy-cacti-plug-in/cacti_inputs_outputs/tmpvp4qdic7 >> /usr/local/share/accelergy/estimation_plug_ins/accelergy-cacti-plug-in/cacti_inputs_outputs/tmpmiy9uz8i 2>&1
2026-01-18 21:41:35 INFO        | Calling CACTI with cache_size=4194304 n_rw_ports=1 block_size=4 tech_node_um=0.045 n_banks=2 tag_size=0 associativity=1
2026-01-18 21:41:35 INFO        | Calling CACTI with input path /usr/local/share/accelergy/estimation_plug_ins/accelergy-cacti-plug-in/cacti_inputs_outputs/tmp750y0z7s
2026-01-18 21:41:35 INFO        | CACTI output will be written to /usr/local/share/accelergy/estimation_plug_ins/accelergy-cacti-plug-in/cacti_inputs_outputs/tmpbd8gd1_r
2026-01-18 21:41:35 INFO        | CACTI executable not found at /usr/local/share/accelergy/estimation_plug_ins/accelergy-cacti-plug-in/cacti/cacti
2026-01-18 21:41:35 INFO        | Calling: cd /usr/local/share/accelergy/estimation_plug_ins/accelergy-cacti-plug-in ; ./cacti -infile /usr/local/share/accelergy/estimation_plug_ins/accelergy-cacti-plug-in/cacti_inputs_outputs/tmp750y0z7s >> /usr/local/share/accelergy/estimation_plug_ins/accelergy-cacti-plug-in/cacti_inputs_outputs/tmpbd8gd1_r 2>&1
2026-01-18 21:41:35 INFO        | Cache bandwidth: 2.0 bytes/cycle
2026-01-18 21:41:35 INFO        | Cache bandwidth: 5410814814.082581 bits/second
2026-01-18 21:41:35 INFO        
2026-01-18 21:41:35 INFO        ENERGY ESTIMATION for SRAM(depth=64, width=8, datawidth=8, block_size=1, has_power_gating=False, n_banks=2, cluster_size=1, reduction_supported=True, multiple_buffering=1, min_utilization=0, allow_overbooking=False, meshX=16, meshY=16, technology=40nm, global_cycle_seconds=1e-09, version=0.4, action_latency_cycles=1, cycle_seconds=1e-09, n_instances=1).update(global_cycle_seconds=1e-09, action_latency_cycles=1)
2026-01-18 21:41:35 INFO        CactiSRAM estimated 3.105783611092042e-13 with accuracy 80%. Messages:
2026-01-18 21:41:35 INFO        | Unused arguments (datawidth, block_size, has_power_gating, cluster_size, reduction_supported, multiple_buffering, min_utilization, allow_overbooking, meshX, meshY, global_cycle_seconds, version, action_latency_cycles, cycle_seconds, n_instances) provided for ['SRAM', 'sram'].__init__. Arguments used: (depth, width, n_banks, technology)
2026-01-18 21:41:35 INFO        | Unused arguments (global_cycle_seconds, action_latency_cycles) provided for ['SRAM', 'sram'].update. Arguments used: ()
2026-01-18 21:41:35 INFO        | Interpolating technology between 32 and 45.
2026-01-18 21:41:35 INFO        | Calling CACTI with cache_size=512 n_rw_ports=1 block_size=4 tech_node_um=0.032 n_banks=2 tag_size=0 associativity=1
2026-01-18 21:41:35 INFO        | Calling CACTI with input path /usr/local/share/accelergy/estimation_plug_ins/accelergy-cacti-plug-in/cacti_inputs_outputs/tmpeiau6yg6
2026-01-18 21:41:35 INFO        | CACTI output will be written to /usr/local/share/accelergy/estimation_plug_ins/accelergy-cacti-plug-in/cacti_inputs_outputs/tmp_mk8zvu9
2026-01-18 21:41:35 INFO        | CACTI executable not found at /usr/local/share/accelergy/estimation_plug_ins/accelergy-cacti-plug-in/cacti/cacti
2026-01-18 21:41:35 INFO        | Calling: cd /usr/local/share/accelergy/estimation_plug_ins/accelergy-cacti-plug-in ; ./cacti -infile /usr/local/share/accelergy/estimation_plug_ins/accelergy-cacti-plug-in/cacti_inputs_outputs/tmpeiau6yg6 >> /usr/local/share/accelergy/estimation_plug_ins/accelergy-cacti-plug-in/cacti_inputs_outputs/tmp_mk8zvu9 2>&1
2026-01-18 21:41:35 INFO        | Calling CACTI with cache_size=512 n_rw_ports=1 block_size=4 tech_node_um=0.045 n_banks=2 tag_size=0 associativity=1
2026-01-18 21:41:35 INFO        | Calling CACTI with input path /usr/local/share/accelergy/estimation_plug_ins/accelergy-cacti-plug-in/cacti_inputs_outputs/tmp8kos0zee
2026-01-18 21:41:35 INFO        | CACTI output will be written to /usr/local/share/accelergy/estimation_plug_ins/accelergy-cacti-plug-in/cacti_inputs_outputs/tmpc84k_cf7
2026-01-18 21:41:35 INFO        | CACTI executable not found at /usr/local/share/accelergy/estimation_plug_ins/accelergy-cacti-plug-in/cacti/cacti
2026-01-18 21:41:35 INFO        | Calling: cd /usr/local/share/accelergy/estimation_plug_ins/accelergy-cacti-plug-in ; ./cacti -infile /usr/local/share/accelergy/estimation_plug_ins/accelergy-cacti-plug-in/cacti_inputs_outputs/tmp8kos0zee >> /usr/local/share/accelergy/estimation_plug_ins/accelergy-cacti-plug-in/cacti_inputs_outputs/tmpc84k_cf7 2>&1
2026-01-18 21:41:35 INFO        | Cache bandwidth: 2.0 bytes/cycle
2026-01-18 21:41:35 INFO        | Cache bandwidth: 35925347128.666626 bits/second
2026-01-18 21:41:35 INFO        
2026-01-18 21:41:35 INFO        ENERGY ESTIMATION for SRAM(depth=64, width=8, datawidth=8, block_size=1, has_power_gating=False, n_banks=2, cluster_size=1, reduction_supported=True, multiple_buffering=1, min_utilization=0, allow_overbooking=False, meshX=16, meshY=16, technology=40nm, global_cycle_seconds=1e-09, version=0.4, action_latency_cycles=1, cycle_seconds=1e-09, n_instances=1).leak(global_cycle_seconds=1e-09, action_latency_cycles=1)
2026-01-18 21:41:35 INFO        CactiSRAM estimated 4.046823076923077e-18 with accuracy 80%. Messages:
2026-01-18 21:41:35 INFO        | Unused arguments (datawidth, block_size, has_power_gating, cluster_size, reduction_supported, multiple_buffering, min_utilization, allow_overbooking, meshX, meshY, global_cycle_seconds, version, action_latency_cycles, cycle_seconds, n_instances) provided for ['SRAM', 'sram'].__init__. Arguments used: (depth, width, n_banks, technology)
2026-01-18 21:41:35 INFO        | Unused arguments (action_latency_cycles) provided for ['SRAM', 'sram'].leak. Arguments used: (global_cycle_seconds)
2026-01-18 21:41:35 INFO        | Interpolating technology between 32 and 45.
2026-01-18 21:41:35 INFO        | Calling CACTI with cache_size=512 n_rw_ports=1 block_size=4 tech_node_um=0.032 n_banks=2 tag_size=0 associativity=1
2026-01-18 21:41:35 INFO        | Calling CACTI with input path /usr/local/share/accelergy/estimation_plug_ins/accelergy-cacti-plug-in/cacti_inputs_outputs/tmp6pzy23fc
2026-01-18 21:41:35 INFO        | CACTI output will be written to /usr/local/share/accelergy/estimation_plug_ins/accelergy-cacti-plug-in/cacti_inputs_outputs/tmpb1_p4rih
2026-01-18 21:41:35 INFO        | CACTI executable not found at /usr/local/share/accelergy/estimation_plug_ins/accelergy-cacti-plug-in/cacti/cacti
2026-01-18 21:41:35 INFO        | Calling: cd /usr/local/share/accelergy/estimation_plug_ins/accelergy-cacti-plug-in ; ./cacti -infile /usr/local/share/accelergy/estimation_plug_ins/accelergy-cacti-plug-in/cacti_inputs_outputs/tmp6pzy23fc >> /usr/local/share/accelergy/estimation_plug_ins/accelergy-cacti-plug-in/cacti_inputs_outputs/tmpb1_p4rih 2>&1
2026-01-18 21:41:35 INFO        | Calling CACTI with cache_size=512 n_rw_ports=1 block_size=4 tech_node_um=0.045 n_banks=2 tag_size=0 associativity=1
2026-01-18 21:41:35 INFO        | Calling CACTI with input path /usr/local/share/accelergy/estimation_plug_ins/accelergy-cacti-plug-in/cacti_inputs_outputs/tmpchle3cqe
2026-01-18 21:41:35 INFO        | CACTI output will be written to /usr/local/share/accelergy/estimation_plug_ins/accelergy-cacti-plug-in/cacti_inputs_outputs/tmpufzgm1l1
2026-01-18 21:41:35 INFO        | CACTI executable not found at /usr/local/share/accelergy/estimation_plug_ins/accelergy-cacti-plug-in/cacti/cacti
2026-01-18 21:41:35 INFO        | Calling: cd /usr/local/share/accelergy/estimation_plug_ins/accelergy-cacti-plug-in ; ./cacti -infile /usr/local/share/accelergy/estimation_plug_ins/accelergy-cacti-plug-in/cacti_inputs_outputs/tmpchle3cqe >> /usr/local/share/accelergy/estimation_plug_ins/accelergy-cacti-plug-in/cacti_inputs_outputs/tmpufzgm1l1 2>&1
2026-01-18 21:41:35 INFO        | Cache bandwidth: 2.0 bytes/cycle
2026-01-18 21:41:35 INFO        | Cache bandwidth: 35925347128.666626 bits/second
2026-01-18 21:41:35 INFO        | Multiplying by n_instances 1
2026-01-18 21:41:35 INFO        
2026-01-18 21:41:35 INFO        ENERGY ESTIMATION for SRAM(depth=64, width=8, datawidth=8, block_size=1, has_power_gating=False, n_banks=2, cluster_size=1, reduction_supported=True, multiple_buffering=1, min_utilization=0, allow_overbooking=False, meshX=16, meshY=16, technology=40nm, global_cycle_seconds=1e-09, version=0.4, action_latency_cycles=1, cycle_seconds=1e-09, n_instances=1).read(global_cycle_seconds=1e-09, action_latency_cycles=1)
2026-01-18 21:41:35 INFO        CactiSRAM estimated 2.1143053551418007e-13 with accuracy 80%. Messages:
2026-01-18 21:41:35 INFO        | Unused arguments (datawidth, block_size, has_power_gating, cluster_size, reduction_supported, multiple_buffering, min_utilization, allow_overbooking, meshX, meshY, global_cycle_seconds, version, action_latency_cycles, cycle_seconds, n_instances) provided for ['SRAM', 'sram'].__init__. Arguments used: (depth, width, n_banks, technology)
2026-01-18 21:41:35 INFO        | Unused arguments (global_cycle_seconds, action_latency_cycles) provided for ['SRAM', 'sram'].read. Arguments used: ()
2026-01-18 21:41:35 INFO        | Interpolating technology between 32 and 45.
2026-01-18 21:41:35 INFO        | Calling CACTI with cache_size=512 n_rw_ports=1 block_size=4 tech_node_um=0.032 n_banks=2 tag_size=0 associativity=1
2026-01-18 21:41:35 INFO        | Calling CACTI with input path /usr/local/share/accelergy/estimation_plug_ins/accelergy-cacti-plug-in/cacti_inputs_outputs/tmp74kapsaf
2026-01-18 21:41:35 INFO        | CACTI output will be written to /usr/local/share/accelergy/estimation_plug_ins/accelergy-cacti-plug-in/cacti_inputs_outputs/tmp888xn1ck
2026-01-18 21:41:35 INFO        | CACTI executable not found at /usr/local/share/accelergy/estimation_plug_ins/accelergy-cacti-plug-in/cacti/cacti
2026-01-18 21:41:35 INFO        | Calling: cd /usr/local/share/accelergy/estimation_plug_ins/accelergy-cacti-plug-in ; ./cacti -infile /usr/local/share/accelergy/estimation_plug_ins/accelergy-cacti-plug-in/cacti_inputs_outputs/tmp74kapsaf >> /usr/local/share/accelergy/estimation_plug_ins/accelergy-cacti-plug-in/cacti_inputs_outputs/tmp888xn1ck 2>&1
2026-01-18 21:41:35 INFO        | Calling CACTI with cache_size=512 n_rw_ports=1 block_size=4 tech_node_um=0.045 n_banks=2 tag_size=0 associativity=1
2026-01-18 21:41:35 INFO        | Calling CACTI with input path /usr/local/share/accelergy/estimation_plug_ins/accelergy-cacti-plug-in/cacti_inputs_outputs/tmp6xdhxvtr
2026-01-18 21:41:35 INFO        | CACTI output will be written to /usr/local/share/accelergy/estimation_plug_ins/accelergy-cacti-plug-in/cacti_inputs_outputs/tmpd3_tjaev
2026-01-18 21:41:35 INFO        | CACTI executable not found at /usr/local/share/accelergy/estimation_plug_ins/accelergy-cacti-plug-in/cacti/cacti
2026-01-18 21:41:35 INFO        | Calling: cd /usr/local/share/accelergy/estimation_plug_ins/accelergy-cacti-plug-in ; ./cacti -infile /usr/local/share/accelergy/estimation_plug_ins/accelergy-cacti-plug-in/cacti_inputs_outputs/tmp6xdhxvtr >> /usr/local/share/accelergy/estimation_plug_ins/accelergy-cacti-plug-in/cacti_inputs_outputs/tmpd3_tjaev 2>&1
2026-01-18 21:41:35 INFO        | Cache bandwidth: 2.0 bytes/cycle
2026-01-18 21:41:35 INFO        | Cache bandwidth: 35925347128.666626 bits/second
2026-01-18 21:41:35 INFO        
2026-01-18 21:41:35 INFO        ENERGY ESTIMATION for SRAM(depth=64, width=8, datawidth=8, block_size=1, has_power_gating=False, n_banks=2, cluster_size=1, reduction_supported=True, multiple_buffering=1, min_utilization=0, allow_overbooking=False, meshX=16, meshY=16, technology=40nm, global_cycle_seconds=1e-09, version=0.4, action_latency_cycles=1, cycle_seconds=1e-09, n_instances=1).write(global_cycle_seconds=1e-09, action_latency_cycles=1)
2026-01-18 21:41:35 INFO        CactiSRAM estimated 3.105783611092042e-13 with accuracy 80%. Messages:
2026-01-18 21:41:35 INFO        | Unused arguments (datawidth, block_size, has_power_gating, cluster_size, reduction_supported, multiple_buffering, min_utilization, allow_overbooking, meshX, meshY, global_cycle_seconds, version, action_latency_cycles, cycle_seconds, n_instances) provided for ['SRAM', 'sram'].__init__. Arguments used: (depth, width, n_banks, technology)
2026-01-18 21:41:35 INFO        | Unused arguments (global_cycle_seconds, action_latency_cycles) provided for ['SRAM', 'sram'].write. Arguments used: ()
2026-01-18 21:41:35 INFO        | Interpolating technology between 32 and 45.
2026-01-18 21:41:35 INFO        | Calling CACTI with cache_size=512 n_rw_ports=1 block_size=4 tech_node_um=0.032 n_banks=2 tag_size=0 associativity=1
2026-01-18 21:41:35 INFO        | Calling CACTI with input path /usr/local/share/accelergy/estimation_plug_ins/accelergy-cacti-plug-in/cacti_inputs_outputs/tmp89nmvg48
2026-01-18 21:41:35 INFO        | CACTI output will be written to /usr/local/share/accelergy/estimation_plug_ins/accelergy-cacti-plug-in/cacti_inputs_outputs/tmpto2zkszb
2026-01-18 21:41:35 INFO        | CACTI executable not found at /usr/local/share/accelergy/estimation_plug_ins/accelergy-cacti-plug-in/cacti/cacti
2026-01-18 21:41:35 INFO        | Calling: cd /usr/local/share/accelergy/estimation_plug_ins/accelergy-cacti-plug-in ; ./cacti -infile /usr/local/share/accelergy/estimation_plug_ins/accelergy-cacti-plug-in/cacti_inputs_outputs/tmp89nmvg48 >> /usr/local/share/accelergy/estimation_plug_ins/accelergy-cacti-plug-in/cacti_inputs_outputs/tmpto2zkszb 2>&1
2026-01-18 21:41:35 INFO        | Calling CACTI with cache_size=512 n_rw_ports=1 block_size=4 tech_node_um=0.045 n_banks=2 tag_size=0 associativity=1
2026-01-18 21:41:35 INFO        | Calling CACTI with input path /usr/local/share/accelergy/estimation_plug_ins/accelergy-cacti-plug-in/cacti_inputs_outputs/tmptgcwvd9r
2026-01-18 21:41:35 INFO        | CACTI output will be written to /usr/local/share/accelergy/estimation_plug_ins/accelergy-cacti-plug-in/cacti_inputs_outputs/tmpmxxhh6ef
2026-01-18 21:41:35 INFO        | CACTI executable not found at /usr/local/share/accelergy/estimation_plug_ins/accelergy-cacti-plug-in/cacti/cacti
2026-01-18 21:41:35 INFO        | Calling: cd /usr/local/share/accelergy/estimation_plug_ins/accelergy-cacti-plug-in ; ./cacti -infile /usr/local/share/accelergy/estimation_plug_ins/accelergy-cacti-plug-in/cacti_inputs_outputs/tmptgcwvd9r >> /usr/local/share/accelergy/estimation_plug_ins/accelergy-cacti-plug-in/cacti_inputs_outputs/tmpmxxhh6ef 2>&1
2026-01-18 21:41:35 INFO        | Cache bandwidth: 2.0 bytes/cycle
2026-01-18 21:41:35 INFO        | Cache bandwidth: 35925347128.666626 bits/second
2026-01-18 21:41:35 INFO        
2026-01-18 21:41:35 INFO        ENERGY ESTIMATION for intmac(width=16, has_power_gating=False, meshX=16, meshY=16, technology=40nm, global_cycle_seconds=1e-09, version=0.4, action_latency_cycles=1, cycle_seconds=1e-09, n_instances=1).compute(global_cycle_seconds=1e-09, action_latency_cycles=1)
2026-01-18 21:41:35 INFO        Aladdin_table estimated 3.275p with accuracy 70%. 
2026-01-18 21:41:35 WARNING     No action counts are specified as yaml input
2026-01-18 21:41:35 INFO        
2026-01-18 21:41:35 INFO        AREA ESTIMATION for DRAM(depth=536870912, width=8, datawidth=8, block_size=1, has_power_gating=False, n_banks=2, cluster_size=1, reduction_supported=True, multiple_buffering=1, min_utilization=0, allow_overbooking=False, meshX=1, meshY=1, technology=40nm, global_cycle_seconds=1e-09, version=0.4, action_latency_cycles=1, cycle_seconds=1e-09, n_instances=1)
2026-01-18 21:41:35 INFO        CactiDRAM estimated 0 with accuracy 80%. Messages:
2026-01-18 21:41:35 INFO        | Unused arguments (depth, datawidth, block_size, has_power_gating, n_banks, cluster_size, reduction_supported, multiple_buffering, min_utilization, allow_overbooking, meshX, meshY, technology, global_cycle_seconds, version, action_latency_cycles, cycle_seconds, n_instances) provided for ['DRAM', 'dram'].__init__. Arguments used: (width)
2026-01-18 21:41:35 INFO        | Multiplying by n_instances 1
2026-01-18 21:41:35 INFO        
2026-01-18 21:41:35 INFO        AREA ESTIMATION for SRAM(depth=1048576, width=8, datawidth=8, block_size=1, has_power_gating=False, n_banks=2, cluster_size=1, reduction_supported=True, multiple_buffering=1, min_utilization=0, allow_overbooking=False, meshX=1, meshY=1, technology=40nm, global_cycle_seconds=1e-09, version=0.4, action_latency_cycles=1, cycle_seconds=1e-09, n_instances=1)
2026-01-18 21:41:38 INFO        CactiSRAM estimated 2.539843269230769e-06 with accuracy 80%. Messages:
2026-01-18 21:41:38 INFO        | Unused arguments (datawidth, block_size, has_power_gating, cluster_size, reduction_supported, multiple_buffering, min_utilization, allow_overbooking, meshX, meshY, global_cycle_seconds, version, action_latency_cycles, cycle_seconds, n_instances) provided for ['SRAM', 'sram'].__init__. Arguments used: (depth, width, n_banks, technology)
2026-01-18 21:41:38 INFO        | Interpolating technology between 32 and 45.
2026-01-18 21:41:38 INFO        | Calling CACTI with cache_size=4194304 n_rw_ports=1 block_size=4 tech_node_um=0.032 n_banks=2 tag_size=0 associativity=1
2026-01-18 21:41:38 INFO        | Calling CACTI with input path /usr/local/share/accelergy/estimation_plug_ins/accelergy-cacti-plug-in/cacti_inputs_outputs/tmp7t_82yu8
2026-01-18 21:41:38 INFO        | CACTI output will be written to /usr/local/share/accelergy/estimation_plug_ins/accelergy-cacti-plug-in/cacti_inputs_outputs/tmpnek6uccb
2026-01-18 21:41:38 INFO        | CACTI executable not found at /usr/local/share/accelergy/estimation_plug_ins/accelergy-cacti-plug-in/cacti/cacti
2026-01-18 21:41:38 INFO        | Calling: cd /usr/local/share/accelergy/estimation_plug_ins/accelergy-cacti-plug-in ; ./cacti -infile /usr/local/share/accelergy/estimation_plug_ins/accelergy-cacti-plug-in/cacti_inputs_outputs/tmp7t_82yu8 >> /usr/local/share/accelergy/estimation_plug_ins/accelergy-cacti-plug-in/cacti_inputs_outputs/tmpnek6uccb 2>&1
2026-01-18 21:41:38 INFO        | Calling CACTI with cache_size=4194304 n_rw_ports=1 block_size=4 tech_node_um=0.045 n_banks=2 tag_size=0 associativity=1
2026-01-18 21:41:38 INFO        | Calling CACTI with input path /usr/local/share/accelergy/estimation_plug_ins/accelergy-cacti-plug-in/cacti_inputs_outputs/tmpn08ok_hw
2026-01-18 21:41:38 INFO        | CACTI output will be written to /usr/local/share/accelergy/estimation_plug_ins/accelergy-cacti-plug-in/cacti_inputs_outputs/tmptwplmt87
2026-01-18 21:41:38 INFO        | CACTI executable not found at /usr/local/share/accelergy/estimation_plug_ins/accelergy-cacti-plug-in/cacti/cacti
2026-01-18 21:41:38 INFO        | Calling: cd /usr/local/share/accelergy/estimation_plug_ins/accelergy-cacti-plug-in ; ./cacti -infile /usr/local/share/accelergy/estimation_plug_ins/accelergy-cacti-plug-in/cacti_inputs_outputs/tmpn08ok_hw >> /usr/local/share/accelergy/estimation_plug_ins/accelergy-cacti-plug-in/cacti_inputs_outputs/tmptwplmt87 2>&1
2026-01-18 21:41:38 INFO        | Cache bandwidth: 2.0 bytes/cycle
2026-01-18 21:41:38 INFO        | Cache bandwidth: 5410814814.082581 bits/second
2026-01-18 21:41:38 INFO        | Multiplying by n_instances 1
2026-01-18 21:41:38 INFO        
2026-01-18 21:41:38 INFO        AREA ESTIMATION for dummy_storage(width=1, depth=1, datawidth=1, technology=-1, has_power_gating=False, n_banks=2, cluster_size=1, reduction_supported=True, multiple_buffering=1, min_utilization=0, allow_overbooking=False, meshX=1, meshY=1, global_cycle_seconds=1e-09, version=0.4, action_latency_cycles=1, cycle_seconds=1e-09, n_instances=1)
2026-01-18 21:41:38 INFO        dummy estimated 1u^2 with accuracy 100%. Messages:
2026-01-18 21:41:38 INFO        | Multiplying by n_instances 1
2026-01-18 21:41:38 INFO        
2026-01-18 21:41:38 INFO        AREA ESTIMATION for SRAM(depth=64, width=8, datawidth=8, block_size=1, has_power_gating=False, n_banks=2, cluster_size=1, reduction_supported=True, multiple_buffering=1, min_utilization=0, allow_overbooking=False, meshX=16, meshY=16, technology=40nm, global_cycle_seconds=1e-09, version=0.4, action_latency_cycles=1, cycle_seconds=1e-09, n_instances=1)
2026-01-18 21:41:38 INFO        CactiSRAM estimated 2.612451923076923e-10 with accuracy 80%. Messages:
2026-01-18 21:41:38 INFO        | Unused arguments (datawidth, block_size, has_power_gating, cluster_size, reduction_supported, multiple_buffering, min_utilization, allow_overbooking, meshX, meshY, global_cycle_seconds, version, action_latency_cycles, cycle_seconds, n_instances) provided for ['SRAM', 'sram'].__init__. Arguments used: (depth, width, n_banks, technology)
2026-01-18 21:41:38 INFO        | Interpolating technology between 32 and 45.
2026-01-18 21:41:38 INFO        | Calling CACTI with cache_size=512 n_rw_ports=1 block_size=4 tech_node_um=0.032 n_banks=2 tag_size=0 associativity=1
2026-01-18 21:41:38 INFO        | Calling CACTI with input path /usr/local/share/accelergy/estimation_plug_ins/accelergy-cacti-plug-in/cacti_inputs_outputs/tmp2i_s6fnu
2026-01-18 21:41:38 INFO        | CACTI output will be written to /usr/local/share/accelergy/estimation_plug_ins/accelergy-cacti-plug-in/cacti_inputs_outputs/tmppfn6kncp
2026-01-18 21:41:38 INFO        | CACTI executable not found at /usr/local/share/accelergy/estimation_plug_ins/accelergy-cacti-plug-in/cacti/cacti
2026-01-18 21:41:38 INFO        | Calling: cd /usr/local/share/accelergy/estimation_plug_ins/accelergy-cacti-plug-in ; ./cacti -infile /usr/local/share/accelergy/estimation_plug_ins/accelergy-cacti-plug-in/cacti_inputs_outputs/tmp2i_s6fnu >> /usr/local/share/accelergy/estimation_plug_ins/accelergy-cacti-plug-in/cacti_inputs_outputs/tmppfn6kncp 2>&1
2026-01-18 21:41:38 INFO        | Calling CACTI with cache_size=512 n_rw_ports=1 block_size=4 tech_node_um=0.045 n_banks=2 tag_size=0 associativity=1
2026-01-18 21:41:38 INFO        | Calling CACTI with input path /usr/local/share/accelergy/estimation_plug_ins/accelergy-cacti-plug-in/cacti_inputs_outputs/tmp833cgi6f
2026-01-18 21:41:38 INFO        | CACTI output will be written to /usr/local/share/accelergy/estimation_plug_ins/accelergy-cacti-plug-in/cacti_inputs_outputs/tmpiybtn7rq
2026-01-18 21:41:38 INFO        | CACTI executable not found at /usr/local/share/accelergy/estimation_plug_ins/accelergy-cacti-plug-in/cacti/cacti
2026-01-18 21:41:38 INFO        | Calling: cd /usr/local/share/accelergy/estimation_plug_ins/accelergy-cacti-plug-in ; ./cacti -infile /usr/local/share/accelergy/estimation_plug_ins/accelergy-cacti-plug-in/cacti_inputs_outputs/tmp833cgi6f >> /usr/local/share/accelergy/estimation_plug_ins/accelergy-cacti-plug-in/cacti_inputs_outputs/tmpiybtn7rq 2>&1
2026-01-18 21:41:38 INFO        | Cache bandwidth: 2.0 bytes/cycle
2026-01-18 21:41:38 INFO        | Cache bandwidth: 35925347128.666626 bits/second
2026-01-18 21:41:38 INFO        | Multiplying by n_instances 1
2026-01-18 21:41:38 INFO        
2026-01-18 21:41:38 INFO        AREA ESTIMATION for intmac(width=16, has_power_gating=False, meshX=16, meshY=16, technology=40nm, global_cycle_seconds=1e-09, version=0.4, action_latency_cycles=1, cycle_seconds=1e-09, n_instances=1)
2026-01-18 21:41:38 INFO        Aladdin_table estimated 1726.5u^2 with accuracy 70%. Messages:
2026-01-18 21:41:38 INFO        | Multiplying by n_instances 1
2026-01-18 21:41:38 INFO        flattened architecture is saved to:
2026-01-18 21:41:38 INFO        ./timeloop-mapper.flattened_architecture.yaml
2026-01-18 21:41:38 INFO        energy reference table is saved to:
2026-01-18 21:41:38 INFO        ./timeloop-mapper.ERT.yaml
2026-01-18 21:41:38 INFO        energy reference table summary is saved to:
2026-01-18 21:41:38 INFO        ./timeloop-mapper.ERT_summary.yaml
2026-01-18 21:41:38 WARNING     no runtime energy estimations are generated... not generating energy_estimation.yaml
2026-01-18 21:41:38 INFO        area reference table is saved to:
2026-01-18 21:41:38 INFO        ./timeloop-mapper.ART.yaml
2026-01-18 21:41:38 INFO        area reference table summary is saved to:
2026-01-18 21:41:38 INFO        ./timeloop-mapper.ART_summary.yaml
