input file: /home/workspace/tutorial_exercises/PyNET_DNN_Accelerator_Design_exploration/outputs/layer=./inputs/PyNET_Layer2/problem.yaml/parsed-processed-input.yaml
  _______                __                
 /_  __(_)___ ___  ___  / /___  ____  ____ 
  / / / / __ `__ \/ _ \/ / __ \/ __ \/ __ \
 / / / / / / / / /  __/ / /_/ / /_/ / /_/ /
/_/ /_/_/ /_/ /_/\___/_/\____/\____/ .___/ 
                                  /_/      

Problem configuration complete.
execute:/usr/local/bin/accelergy /home/workspace/tutorial_exercises/PyNET_DNN_Accelerator_Design_exploration/outputs/layer=./inputs/PyNET_Layer2/problem.yaml/parsed-processed-input.yaml --oprefix timeloop-mapper. -o ./ > timeloop-mapper.accelergy.log 2>&1
Generate Accelergy ERT (energy reference table) to replace internal energy model.
Generate Accelergy ART (area reference table) to replace internal area model.
Architecture configuration complete.
Sparse optimization configuration complete.
Using threads = 8
WARNING: no optimization metric(s) specified, using edp as default.
Mapper configuration complete.
Initializing Index Factorization subspace.
  Factorization options along problem dimension C = 2
  Factorization options along problem dimension O = 6
  Factorization options along problem dimension I = 286
  Factorization options along problem dimension J = 286
  Factorization options along problem dimension H = 1
  Factorization options along problem dimension W = 1
Mapspace Dimension [IndexFactorization] Size: 981552
Mapspace Dimension [LoopPermutation] Size: 48
Mapspace Dimension [Spatial] Size: 7
Mapspace Dimension [DatatypeBypass] Size: 16
Mapspace split! Per-split Mapping Dimension [IndexFactorization] Size: 122694 Residue: 0
Mapspace construction complete.
Search configuration complete.
Start Parsering Layout
No Layout specified, so using bandwidth based modeling
[  7] Utilization = 1.00 | pJ/Compute =   20.174 | L3[WIBO] O4 C2 J4 I8 - L2[BO] J8 I128 - L1[] W1 C16Y O16X - L0[] W3 H3 J32  | Cycles = 75497472
[  6] Utilization = 1.00 | pJ/Compute =   19.595 | L3[WIBO] O4 J4 I8 - L2[BO] C2 J8 I128 - L1[] W1 C16Y O16X - L0[] W3 H3 J32  | Cycles = 75497472
[  7] Utilization = 1.00 | pJ/Compute =   16.386 | L3[WIBO] O4 C2 J4 I8 - L2[BO] J8 I128 - L1[] W1 C16Y O16X - L0[W] W3 H3 J32  | Cycles = 75497472
[  6] Utilization = 1.00 | pJ/Compute =   15.806 | L3[WIBO] O4 J4 I8 - L2[BO] C2 J8 I128 - L1[] W1 C16Y O16X - L0[W] W3 H3 J32  | Cycles = 75497472
[  2] Utilization = 1.00 | pJ/Compute =   19.595 | L3[WIBO] O4 J2 I32 - L2[BO] C2 J2 I32 - L1[] W1 C16Y O16X - L0[] W3 H3 J256  | Cycles = 75497472
[  3] Utilization = 1.00 | pJ/Compute =   20.174 | L3[WIBO] O4 C2 J2 I32 - L2[BO] J2 I32 - L1[] W1 C16Y O16X - L0[] W3 H3 J256  | Cycles = 75497472
[  7] Utilization = 1.00 | pJ/Compute =   13.678 | L3[WIBO] O4 C2 J4 I8 - L2[BO] J8 I128 - L1[] W1 C16Y O16X - L0[WB] W3 H3 J32  | Cycles = 75497472
[  6] Utilization = 1.00 | pJ/Compute =   13.099 | L3[WIBO] O4 J4 I8 - L2[BO] C2 J8 I128 - L1[] W1 C16Y O16X - L0[WB] W3 H3 J32  | Cycles = 75497472
[  2] Utilization = 1.00 | pJ/Compute =   15.806 | L3[WIBO] O4 J2 I32 - L2[BO] C2 J2 I32 - L1[] W1 C16Y O16X - L0[W] W3 H3 J256  | Cycles = 75497472
[  3] Utilization = 1.00 | pJ/Compute =   16.386 | L3[WIBO] O4 C2 J2 I32 - L2[BO] J2 I32 - L1[] W1 C16Y O16X - L0[W] W3 H3 J256  | Cycles = 75497472
[  7] Utilization = 1.00 | pJ/Compute =   12.165 | L3[WIBO] O4 C2 J4 I8 - L2[BO] J8 I128 - L1[] W1 C16Y O16X - L0[WO] W3 H3 J32  | Cycles = 75497472
[  6] Utilization = 1.00 | pJ/Compute =   11.586 | L3[WIBO] O4 J4 I8 - L2[BO] C2 J8 I128 - L1[] W1 C16Y O16X - L0[WO] W3 H3 J32  | Cycles = 75497472
[  5] Utilization = 1.00 | pJ/Compute =   20.174 | L3[WIBO] O2 C2 J2 I32 - L2[BO] J2 I32 - L1[] W1 C16Y O16X - L0[] W3 H3 J256 O2  | Cycles = 75497472
[  4] Utilization = 1.00 | pJ/Compute =   19.595 | L3[WIBO] O2 J2 I32 - L2[BO] C2 J2 I32 - L1[] W1 C16Y O16X - L0[] W3 H3 J256 O2  | Cycles = 75497472
[  2] Utilization = 1.00 | pJ/Compute =   13.099 | L3[WIBO] O4 J2 I32 - L2[BO] C2 J2 I32 - L1[] W1 C16Y O16X - L0[WB] W3 H3 J256  | Cycles = 75497472
[  3] Utilization = 1.00 | pJ/Compute =   13.678 | L3[WIBO] O4 C2 J2 I32 - L2[BO] J2 I32 - L1[] W1 C16Y O16X - L0[WB] W3 H3 J256  | Cycles = 75497472
[  5] Utilization = 1.00 | pJ/Compute =   16.386 | L3[WIBO] O2 C2 J2 I32 - L2[BO] J2 I32 - L1[] W1 C16Y O16X - L0[W] W3 H3 J256 O2  | Cycles = 75497472
[  4] Utilization = 1.00 | pJ/Compute =   15.806 | L3[WIBO] O2 J2 I32 - L2[BO] C2 J2 I32 - L1[] W1 C16Y O16X - L0[W] W3 H3 J256 O2  | Cycles = 75497472
[  7] Utilization = 1.00 | pJ/Compute =    9.458 | L3[WIBO] O4 C2 J4 I8 - L2[BO] J8 I128 - L1[] W1 C16Y O16X - L0[WBO] W3 H3 J32  | Cycles = 75497472
[  6] Utilization = 1.00 | pJ/Compute =    8.879 | L3[WIBO] O4 J4 I8 - L2[BO] C2 J8 I128 - L1[] W1 C16Y O16X - L0[WBO] W3 H3 J32  | Cycles = 75497472
[  5] Utilization = 1.00 | pJ/Compute =   13.678 | L3[WIBO] O2 C2 J2 I32 - L2[BO] J2 I32 - L1[] W1 C16Y O16X - L0[WB] W3 H3 J256 O2  | Cycles = 75497472
[  4] Utilization = 1.00 | pJ/Compute =   13.099 | L3[WIBO] O2 J2 I32 - L2[BO] C2 J2 I32 - L1[] W1 C16Y O16X - L0[WB] W3 H3 J256 O2  | Cycles = 75497472
[  0] Utilization = 1.00 | pJ/Compute =   19.595 | L3[WIBO] O2 J32 I16 - L2[BO] C2 J32 I16 - L1[] W1 C16Y O16X - L0[] W3 H3 I4 O2  | Cycles = 75497472
[  1] Utilization = 1.00 | pJ/Compute =   20.174 | L3[WIBO] O2 C2 J32 I16 - L2[BO] J32 I16 - L1[] W1 C16Y O16X - L0[] W3 H3 I4 O2  | Cycles = 75497472
[  0] Utilization = 1.00 | pJ/Compute =   15.806 | L3[WIBO] O2 J32 I16 - L2[BO] C2 J32 I16 - L1[] W1 C16Y O16X - L0[W] W3 H3 I4 O2  | Cycles = 75497472
[  1] Utilization = 1.00 | pJ/Compute =   16.386 | L3[WIBO] O2 C2 J32 I16 - L2[BO] J32 I16 - L1[] W1 C16Y O16X - L0[W] W3 H3 I4 O2  | Cycles = 75497472
[  0] Utilization = 1.00 | pJ/Compute =   12.759 | L3[WIBO] O2 J32 I16 - L2[BO] C2 J32 I16 - L1[] W1 C16Y O16X - L0[WI] W3 H3 I4 O2  | Cycles = 75497472
[  1] Utilization = 1.00 | pJ/Compute =   13.338 | L3[WIBO] O2 C2 J32 I16 - L2[BO] J32 I16 - L1[] W1 C16Y O16X - L0[WI] W3 H3 I4 O2  | Cycles = 75497472
[  0] Utilization = 1.00 | pJ/Compute =   10.052 | L3[WIBO] O2 J32 I16 - L2[BO] C2 J32 I16 - L1[] W1 C16Y O16X - L0[WIB] W3 H3 I4 O2  | Cycles = 75497472
[  1] Utilization = 1.00 | pJ/Compute =   10.631 | L3[WIBO] O2 C2 J32 I16 - L2[BO] J32 I16 - L1[] W1 C16Y O16X - L0[WIB] W3 H3 I4 O2  | Cycles = 75497472
[  0] Utilization = 1.00 | pJ/Compute =    8.539 | L3[WIBO] O2 J32 I16 - L2[BO] C2 J32 I16 - L1[] W1 C16Y O16X - L0[WIO] W3 H3 I4 O2  | Cycles = 75497472
[  1] Utilization = 1.00 | pJ/Compute =    9.118 | L3[WIBO] O2 C2 J32 I16 - L2[BO] J32 I16 - L1[] W1 C16Y O16X - L0[WIO] W3 H3 I4 O2  | Cycles = 75497472
[  0] Utilization = 1.00 | pJ/Compute =    5.831 | L3[WIBO] O2 J32 I16 - L2[BO] C2 J32 I16 - L1[] W1 C16Y O16X - L0[WIBO] W3 H3 I4 O2  | Cycles = 75497472
[  1] Utilization = 1.00 | pJ/Compute =    6.410 | L3[WIBO] O2 C2 J32 I16 - L2[BO] J32 I16 - L1[] W1 C16Y O16X - L0[WIBO] W3 H3 I4 O2  | Cycles = 75497472
[  3] Utilization = 1.00 | pJ/Compute =   11.374 | L3[WIBO] O2 C2 J32 I16 - L2[BO] O2 J32 I16 - L1[] W1 C16Y O16X - L0[WIB] W3 H3 I4  | Cycles = 75497472
[  2] Utilization = 1.00 | pJ/Compute =   10.795 | L3[WIBO] O2 J32 I16 - L2[BO] C2 O2 J32 I16 - L1[] W1 C16Y O16X - L0[WIB] W3 H3 I4  | Cycles = 75497472
[  3] Utilization = 1.00 | pJ/Compute =    9.861 | L3[WIBO] O2 C2 J32 I16 - L2[BO] O2 J32 I16 - L1[] W1 C16Y O16X - L0[WIO] W3 H3 I4  | Cycles = 75497472
[  2] Utilization = 1.00 | pJ/Compute =    9.282 | L3[WIBO] O2 J32 I16 - L2[BO] C2 O2 J32 I16 - L1[] W1 C16Y O16X - L0[WIO] W3 H3 I4  | Cycles = 75497472
[  3] Utilization = 1.00 | pJ/Compute =    9.460 | L3[WIBO] O2 C2 J32 I16 - L2[BO] O2 J32 I16 - L1[] W1 C16Y O16X - L0[WBO] W3 H3 I4  | Cycles = 75497472
[  2] Utilization = 1.00 | pJ/Compute =    8.881 | L3[WIBO] O2 J32 I16 - L2[BO] C2 O2 J32 I16 - L1[] W1 C16Y O16X - L0[WBO] W3 H3 I4  | Cycles = 75497472
[  3] Utilization = 1.00 | pJ/Compute =    7.154 | L3[WIBO] O2 C2 J32 I16 - L2[BO] O2 J32 I16 - L1[] W1 C16Y O16X - L0[WIBO] W3 H3 I4  | Cycles = 75497472
[  2] Utilization = 1.00 | pJ/Compute =    6.575 | L3[WIBO] O2 J32 I16 - L2[BO] C2 O2 J32 I16 - L1[] W1 C16Y O16X - L0[WIBO] W3 H3 I4  | Cycles = 75497472
[  5] STATEMENT: 1000 invalid mappings (997 fanout, 3 capacity) found since the last valid mapping, terminating search.
[  4] STATEMENT: 1000 invalid mappings (997 fanout, 3 capacity) found since the last valid mapping, terminating search.
[  7] STATEMENT: 1000 invalid mappings (997 fanout, 3 capacity) found since the last valid mapping, terminating search.
[  6] STATEMENT: 1000 invalid mappings (997 fanout, 3 capacity) found since the last valid mapping, terminating search.
[  3] Utilization = 1.00 | pJ/Compute =    6.419 | L3[WIBO] C2 J128 I16 - L2[BO] O4 J2 I32 - L1[] W1 C16Y O16X - L0[WIBO] W3 H3 J4 I2  | Cycles = 75497472
[  2] Utilization = 1.00 | pJ/Compute =    5.840 | L3[WIBO] J128 I16 - L2[BO] C2 O4 J2 I32 - L1[] W1 C16Y O16X - L0[WIBO] W3 H3 J4 I2  | Cycles = 75497472
[  1] Utilization = 1.00 | pJ/Compute =    6.040 | L3[WIBO] O2 C2 J16 I256 - L2[BO] J32 - L1[] W1 C16Y O16X - L0[WIBO] W3 H3 J2 I4 O2  | Cycles = 75497472
[  0] Utilization = 1.00 | pJ/Compute =    5.461 | L3[WIBO] O2 J16 I256 - L2[BO] C2 J32 - L1[] W1 C16Y O16X - L0[WIBO] W3 H3 J2 I4 O2  | Cycles = 75497472
[  3] Utilization = 1.00 | pJ/Compute =    6.399 | L3[WIBO] O4 C2 J4 I8 - L2[BO] J64 I64 - L1[] W1 C16Y O16X - L0[WIBO] W3 H3 J4 I2  | Cycles = 75497472
[  2] Utilization = 1.00 | pJ/Compute =    5.820 | L3[WIBO] O4 J4 I8 - L2[BO] C2 J64 I64 - L1[] W1 C16Y O16X - L0[WIBO] W3 H3 J4 I2  | Cycles = 75497472
[  1] STATEMENT: 1000 invalid mappings (996 fanout, 4 capacity) found since the last valid mapping, terminating search.
[  0] STATEMENT: 1000 invalid mappings (996 fanout, 4 capacity) found since the last valid mapping, terminating search.
[  3] Utilization = 1.00 | pJ/Compute =    6.380 | L3[WIBO] O2 C2 J128 I64 - L2[BO] O2 I16 - L1[] W1 C16Y O16X - L0[WIBO] W3 H3 J8  | Cycles = 75497472
[  2] Utilization = 1.00 | pJ/Compute =    5.800 | L3[WIBO] O2 J128 I64 - L2[BO] C2 O2 I16 - L1[] W1 C16Y O16X - L0[WIBO] W3 H3 J8  | Cycles = 75497472
[  3] STATEMENT: 1000 invalid mappings (998 fanout, 2 capacity) found since the last valid mapping, terminating search.
[  2] STATEMENT: 1000 invalid mappings (998 fanout, 2 capacity) found since the last valid mapping, terminating search.


Summary stats for best mapping found by mapper:
  Utilization = 1.00 | pJ/Compute =    5.461 | Cycles = 75497472
