2026-01-18 21:39:16 INFO            _                _                      
2026-01-18 21:39:16 INFO           / \   ___ ___ ___| | ___ _ __ __ _ _   _ 
2026-01-18 21:39:16 INFO          / _ \ / __/ __/ _ \ |/ _ \ '__/ _` | | | |
2026-01-18 21:39:16 INFO         / ___ \ (_| (_|  __/ |  __/ | | (_| | |_| |
2026-01-18 21:39:16 INFO        /_/   \_\___\___\___|_|\___|_|  \__, |\__, |
2026-01-18 21:39:16 INFO                                        |___/ |___/ 
2026-01-18 21:39:16 INFO        generating outputs according to the following specified output flags... 
2026-01-18 21:39:16 INFO         Please use the -f flag to update the preference (default to all output files)
2026-01-18 21:39:16 INFO        {'ERT': 1, 'ERT_summary': 1, 'ART': 1, 'ART_summary': 1, 'energy_estimation': 1, 'flattened_arch': 1}
2026-01-18 21:39:16 INFO        Located config file at /home/workspace/.config/accelergy/accelergy_config.yaml.
2026-01-18 21:39:16 INFO        config file located:
2026-01-18 21:39:16 INFO        /home/workspace/.config/accelergy/accelergy_config.yaml
2026-01-18 21:39:16 INFO        Parsing file /home/workspace/tutorial_exercises/PyNET_DNN_Accelerator_Design_exploration/outputs/layer=./inputs/PyNET_Layer2/problem.yaml/parsed-processed-input.yaml for architecture info
2026-01-18 21:39:16 INFO        Parsing file /home/workspace/tutorial_exercises/PyNET_DNN_Accelerator_Design_exploration/outputs/layer=./inputs/PyNET_Layer2/problem.yaml/parsed-processed-input.yaml for compound_components info
2026-01-18 21:39:16 WARNING     No compound component classes specified, architecture can only contain primitive components
2026-01-18 21:39:16 INFO        Adding required action "update" to class DRAM
2026-01-18 21:39:16 INFO        Adding required action "leak" to class DRAM
2026-01-18 21:39:16 INFO        Adding required action "read" to class DRAM
2026-01-18 21:39:16 INFO        Adding required action "write" to class DRAM
2026-01-18 21:39:16 INFO        Adding required action "update" to class SRAM
2026-01-18 21:39:16 INFO        Adding required action "leak" to class SRAM
2026-01-18 21:39:16 INFO        Adding required action "read" to class SRAM
2026-01-18 21:39:16 INFO        Adding required action "write" to class SRAM
2026-01-18 21:39:16 INFO        Adding required action "compute" to class intmac
2026-01-18 21:39:16 INFO        Estimator plug-in identified by: /usr/local/share/accelergy/estimation_plug_ins/accelergy-aladdin-plug-in/aladdin.estimator.yaml
2026-01-18 21:39:16 INFO        Estimator plug-in identified by: /usr/local/share/accelergy/estimation_plug_ins/accelergy-adc-plug-in/adc.estimator.yaml
2026-01-18 21:39:16 INFO        Estimator plug-in identified by: /usr/local/share/accelergy/estimation_plug_ins/accelergy-library-plugin/library.estimator.yaml
2026-01-18 21:39:16 INFO        Estimator plug-in identified by: /usr/local/share/accelergy/estimation_plug_ins/accelergy-neurosim-plugin/neurosim.estimator.yaml
2026-01-18 21:39:16 INFO        Estimator plug-in identified by: /usr/local/share/accelergy/estimation_plug_ins/accelergy-cacti-plug-in/cacti.estimator.yaml
2026-01-18 21:39:16 INFO        Estimator plug-in identified by: /usr/local/share/accelergy/estimation_plug_ins/accelergy-table-based-plug-ins/table.estimator.yaml
2026-01-18 21:39:16 INFO        Estimator plug-in identified by: /usr/local/share/accelergy/estimation_plug_ins/dummy_tables/dummy.estimator.yaml
2026-01-18 21:39:16 INFO        Loading Python plug-in: /usr/local/share/accelergy/estimation_plug_ins/accelergy-cacti-plug-in/cacti_wrapper.py. Errors below are likely due to plug-in, not Accelergy.
2026-01-18 21:39:16 INFO        Getting all estimators in module <module 'python_plug_in0' from '/usr/local/share/accelergy/estimation_plug_ins/accelergy-cacti-plug-in/cacti_wrapper.py'>
2026-01-18 21:39:16 INFO        Added estimator CactiCache that estimates cache with actions idle, read, read_access, update, update_access, write, write_access, leak
2026-01-18 21:39:16 INFO        Added estimator CactiDRAM that estimates ['DRAM', 'dram'] with actions idle, read, update, write, leak
2026-01-18 21:39:16 INFO        Added estimator CactiSRAM that estimates ['SRAM', 'sram'] with actions idle, read, update, write, leak
2026-01-18 21:39:16 INFO        Done loading Python plug-ins.
2026-01-18 21:39:16 INFO        Found estimator plug-in: Aladdin_table (<AladdinTable.AladdinTable object at 0x7f926b86b5b0>)
2026-01-18 21:39:16 INFO        Found estimator plug-in: ADC Plug-In (<ADCEstimator.ADCEstimator object at 0x7f926b8698d0>)
2026-01-18 21:39:16 INFO        Found estimator plug-in: Library (<LibraryEstimator.LibraryEstimator object at 0x7f926b86abf0>)
2026-01-18 21:39:16 INFO        Found estimator plug-in: Neurosim Plug-In (<NeuroWrapper.NeuroWrapper object at 0x7f926b86a410>)
2026-01-18 21:39:16 INFO        Found estimator plug-in: DEPRECATED table-based-plug-ins. Use the Library plug-in instead. (<SetsOfTables.SetsOfTables object at 0x7f926b868e80>)
2026-01-18 21:39:16 INFO        Found estimator plug-in: dummy (<DummyTable.DummyTable object at 0x7f926b7a2c80>)
2026-01-18 21:39:16 INFO        Found estimator plug-in: CactiCache (<accelergy.plug_in_interface.estimator_wrapper.EstimatorWrapper object at 0x7f926b7a3c70>)
2026-01-18 21:39:16 INFO        Found estimator plug-in: CactiDRAM (<accelergy.plug_in_interface.estimator_wrapper.EstimatorWrapper object at 0x7f926b7a3e50>)
2026-01-18 21:39:16 INFO        Found estimator plug-in: CactiSRAM (<accelergy.plug_in_interface.estimator_wrapper.EstimatorWrapper object at 0x7f926b7a2b00>)
2026-01-18 21:39:16 INFO        
2026-01-18 21:39:16 INFO        ENERGY ESTIMATION for DRAM(depth=536870912, width=8, datawidth=8, block_size=1, has_power_gating=False, n_banks=2, cluster_size=1, reduction_supported=True, multiple_buffering=1, min_utilization=0, allow_overbooking=False, meshX=1, meshY=1, technology=40nm, global_cycle_seconds=1e-09, version=0.4, action_latency_cycles=1, cycle_seconds=1e-09, n_instances=1).update(global_cycle_seconds=1e-09, action_latency_cycles=1)
2026-01-18 21:39:16 INFO        CactiDRAM estimated 6.4e-11 with accuracy 80%. Messages:
2026-01-18 21:39:16 INFO        | Unused arguments (depth, datawidth, block_size, has_power_gating, n_banks, cluster_size, reduction_supported, multiple_buffering, min_utilization, allow_overbooking, meshX, meshY, technology, global_cycle_seconds, version, action_latency_cycles, cycle_seconds, n_instances) provided for ['DRAM', 'dram'].__init__. Arguments used: (width)
2026-01-18 21:39:16 INFO        | Unused arguments (global_cycle_seconds, action_latency_cycles) provided for ['DRAM', 'dram'].update. Arguments used: ()
2026-01-18 21:39:16 INFO        
2026-01-18 21:39:16 INFO        ENERGY ESTIMATION for DRAM(depth=536870912, width=8, datawidth=8, block_size=1, has_power_gating=False, n_banks=2, cluster_size=1, reduction_supported=True, multiple_buffering=1, min_utilization=0, allow_overbooking=False, meshX=1, meshY=1, technology=40nm, global_cycle_seconds=1e-09, version=0.4, action_latency_cycles=1, cycle_seconds=1e-09, n_instances=1).leak(global_cycle_seconds=1e-09, action_latency_cycles=1)
2026-01-18 21:39:16 INFO        CactiDRAM estimated 0 with accuracy 80%. Messages:
2026-01-18 21:39:16 INFO        | Unused arguments (depth, datawidth, block_size, has_power_gating, n_banks, cluster_size, reduction_supported, multiple_buffering, min_utilization, allow_overbooking, meshX, meshY, technology, global_cycle_seconds, version, action_latency_cycles, cycle_seconds, n_instances) provided for ['DRAM', 'dram'].__init__. Arguments used: (width)
2026-01-18 21:39:16 INFO        | Unused arguments (action_latency_cycles) provided for ['DRAM', 'dram'].leak. Arguments used: (global_cycle_seconds)
2026-01-18 21:39:16 INFO        | Multiplying by n_instances 1
2026-01-18 21:39:16 INFO        
2026-01-18 21:39:16 INFO        ENERGY ESTIMATION for DRAM(depth=536870912, width=8, datawidth=8, block_size=1, has_power_gating=False, n_banks=2, cluster_size=1, reduction_supported=True, multiple_buffering=1, min_utilization=0, allow_overbooking=False, meshX=1, meshY=1, technology=40nm, global_cycle_seconds=1e-09, version=0.4, action_latency_cycles=1, cycle_seconds=1e-09, n_instances=1).read(global_cycle_seconds=1e-09, action_latency_cycles=1)
2026-01-18 21:39:16 INFO        CactiDRAM estimated 6.4e-11 with accuracy 80%. Messages:
2026-01-18 21:39:16 INFO        | Unused arguments (depth, datawidth, block_size, has_power_gating, n_banks, cluster_size, reduction_supported, multiple_buffering, min_utilization, allow_overbooking, meshX, meshY, technology, global_cycle_seconds, version, action_latency_cycles, cycle_seconds, n_instances) provided for ['DRAM', 'dram'].__init__. Arguments used: (width)
2026-01-18 21:39:16 INFO        | Unused arguments (global_cycle_seconds, action_latency_cycles) provided for ['DRAM', 'dram'].read. Arguments used: ()
2026-01-18 21:39:16 INFO        
2026-01-18 21:39:16 INFO        ENERGY ESTIMATION for DRAM(depth=536870912, width=8, datawidth=8, block_size=1, has_power_gating=False, n_banks=2, cluster_size=1, reduction_supported=True, multiple_buffering=1, min_utilization=0, allow_overbooking=False, meshX=1, meshY=1, technology=40nm, global_cycle_seconds=1e-09, version=0.4, action_latency_cycles=1, cycle_seconds=1e-09, n_instances=1).write(global_cycle_seconds=1e-09, action_latency_cycles=1)
2026-01-18 21:39:16 INFO        CactiDRAM estimated 6.4e-11 with accuracy 80%. Messages:
2026-01-18 21:39:16 INFO        | Unused arguments (depth, datawidth, block_size, has_power_gating, n_banks, cluster_size, reduction_supported, multiple_buffering, min_utilization, allow_overbooking, meshX, meshY, technology, global_cycle_seconds, version, action_latency_cycles, cycle_seconds, n_instances) provided for ['DRAM', 'dram'].__init__. Arguments used: (width)
2026-01-18 21:39:16 INFO        | Unused arguments (global_cycle_seconds, action_latency_cycles) provided for ['DRAM', 'dram'].write. Arguments used: ()
2026-01-18 21:39:16 INFO        
2026-01-18 21:39:16 INFO        ENERGY ESTIMATION for SRAM(depth=1048576, width=8, datawidth=8, block_size=1, has_power_gating=False, n_banks=2, cluster_size=1, reduction_supported=True, multiple_buffering=1, min_utilization=0, allow_overbooking=False, meshX=1, meshY=1, technology=40nm, global_cycle_seconds=1e-09, version=0.4, action_latency_cycles=1, cycle_seconds=1e-09, n_instances=1).update(global_cycle_seconds=1e-09, action_latency_cycles=1)
2026-01-18 21:39:19 INFO        CactiSRAM estimated 3.875960538461539e-11 with accuracy 80%. Messages:
2026-01-18 21:39:19 INFO        | Unused arguments (datawidth, block_size, has_power_gating, cluster_size, reduction_supported, multiple_buffering, min_utilization, allow_overbooking, meshX, meshY, global_cycle_seconds, version, action_latency_cycles, cycle_seconds, n_instances) provided for ['SRAM', 'sram'].__init__. Arguments used: (depth, width, n_banks, technology)
2026-01-18 21:39:19 INFO        | Unused arguments (global_cycle_seconds, action_latency_cycles) provided for ['SRAM', 'sram'].update. Arguments used: ()
2026-01-18 21:39:19 INFO        | Interpolating technology between 32 and 45.
2026-01-18 21:39:19 INFO        | Calling CACTI with cache_size=4194304 n_rw_ports=1 block_size=4 tech_node_um=0.032 n_banks=2 tag_size=0 associativity=1
2026-01-18 21:39:19 INFO        | Calling CACTI with input path /usr/local/share/accelergy/estimation_plug_ins/accelergy-cacti-plug-in/cacti_inputs_outputs/tmpwhdd9q6l
2026-01-18 21:39:19 INFO        | CACTI output will be written to /usr/local/share/accelergy/estimation_plug_ins/accelergy-cacti-plug-in/cacti_inputs_outputs/tmp1kdhsrne
2026-01-18 21:39:19 INFO        | CACTI executable not found at /usr/local/share/accelergy/estimation_plug_ins/accelergy-cacti-plug-in/cacti/cacti
2026-01-18 21:39:19 INFO        | Calling: cd /usr/local/share/accelergy/estimation_plug_ins/accelergy-cacti-plug-in ; ./cacti -infile /usr/local/share/accelergy/estimation_plug_ins/accelergy-cacti-plug-in/cacti_inputs_outputs/tmpwhdd9q6l >> /usr/local/share/accelergy/estimation_plug_ins/accelergy-cacti-plug-in/cacti_inputs_outputs/tmp1kdhsrne 2>&1
2026-01-18 21:39:19 INFO        | Calling CACTI with cache_size=4194304 n_rw_ports=1 block_size=4 tech_node_um=0.045 n_banks=2 tag_size=0 associativity=1
2026-01-18 21:39:19 INFO        | Calling CACTI with input path /usr/local/share/accelergy/estimation_plug_ins/accelergy-cacti-plug-in/cacti_inputs_outputs/tmpcad0zpaw
2026-01-18 21:39:19 INFO        | CACTI output will be written to /usr/local/share/accelergy/estimation_plug_ins/accelergy-cacti-plug-in/cacti_inputs_outputs/tmppv_9me9p
2026-01-18 21:39:19 INFO        | CACTI executable not found at /usr/local/share/accelergy/estimation_plug_ins/accelergy-cacti-plug-in/cacti/cacti
2026-01-18 21:39:19 INFO        | Calling: cd /usr/local/share/accelergy/estimation_plug_ins/accelergy-cacti-plug-in ; ./cacti -infile /usr/local/share/accelergy/estimation_plug_ins/accelergy-cacti-plug-in/cacti_inputs_outputs/tmpcad0zpaw >> /usr/local/share/accelergy/estimation_plug_ins/accelergy-cacti-plug-in/cacti_inputs_outputs/tmppv_9me9p 2>&1
2026-01-18 21:39:19 INFO        | Cache bandwidth: 2.0 bytes/cycle
2026-01-18 21:39:19 INFO        | Cache bandwidth: 5410814814.082581 bits/second
2026-01-18 21:39:19 INFO        
2026-01-18 21:39:19 INFO        ENERGY ESTIMATION for SRAM(depth=1048576, width=8, datawidth=8, block_size=1, has_power_gating=False, n_banks=2, cluster_size=1, reduction_supported=True, multiple_buffering=1, min_utilization=0, allow_overbooking=False, meshX=1, meshY=1, technology=40nm, global_cycle_seconds=1e-09, version=0.4, action_latency_cycles=1, cycle_seconds=1e-09, n_instances=1).leak(global_cycle_seconds=1e-09, action_latency_cycles=1)
2026-01-18 21:39:21 INFO        CactiSRAM estimated 3.147902307692308e-14 with accuracy 80%. Messages:
2026-01-18 21:39:21 INFO        | Unused arguments (datawidth, block_size, has_power_gating, cluster_size, reduction_supported, multiple_buffering, min_utilization, allow_overbooking, meshX, meshY, global_cycle_seconds, version, action_latency_cycles, cycle_seconds, n_instances) provided for ['SRAM', 'sram'].__init__. Arguments used: (depth, width, n_banks, technology)
2026-01-18 21:39:21 INFO        | Unused arguments (action_latency_cycles) provided for ['SRAM', 'sram'].leak. Arguments used: (global_cycle_seconds)
2026-01-18 21:39:21 INFO        | Interpolating technology between 32 and 45.
2026-01-18 21:39:21 INFO        | Calling CACTI with cache_size=4194304 n_rw_ports=1 block_size=4 tech_node_um=0.032 n_banks=2 tag_size=0 associativity=1
2026-01-18 21:39:21 INFO        | Calling CACTI with input path /usr/local/share/accelergy/estimation_plug_ins/accelergy-cacti-plug-in/cacti_inputs_outputs/tmp07rpzc52
2026-01-18 21:39:21 INFO        | CACTI output will be written to /usr/local/share/accelergy/estimation_plug_ins/accelergy-cacti-plug-in/cacti_inputs_outputs/tmp1jw179ro
2026-01-18 21:39:21 INFO        | CACTI executable not found at /usr/local/share/accelergy/estimation_plug_ins/accelergy-cacti-plug-in/cacti/cacti
2026-01-18 21:39:21 INFO        | Calling: cd /usr/local/share/accelergy/estimation_plug_ins/accelergy-cacti-plug-in ; ./cacti -infile /usr/local/share/accelergy/estimation_plug_ins/accelergy-cacti-plug-in/cacti_inputs_outputs/tmp07rpzc52 >> /usr/local/share/accelergy/estimation_plug_ins/accelergy-cacti-plug-in/cacti_inputs_outputs/tmp1jw179ro 2>&1
2026-01-18 21:39:21 INFO        | Calling CACTI with cache_size=4194304 n_rw_ports=1 block_size=4 tech_node_um=0.045 n_banks=2 tag_size=0 associativity=1
2026-01-18 21:39:21 INFO        | Calling CACTI with input path /usr/local/share/accelergy/estimation_plug_ins/accelergy-cacti-plug-in/cacti_inputs_outputs/tmpqmiw7vwi
2026-01-18 21:39:21 INFO        | CACTI output will be written to /usr/local/share/accelergy/estimation_plug_ins/accelergy-cacti-plug-in/cacti_inputs_outputs/tmpyd2euo1k
2026-01-18 21:39:21 INFO        | CACTI executable not found at /usr/local/share/accelergy/estimation_plug_ins/accelergy-cacti-plug-in/cacti/cacti
2026-01-18 21:39:21 INFO        | Calling: cd /usr/local/share/accelergy/estimation_plug_ins/accelergy-cacti-plug-in ; ./cacti -infile /usr/local/share/accelergy/estimation_plug_ins/accelergy-cacti-plug-in/cacti_inputs_outputs/tmpqmiw7vwi >> /usr/local/share/accelergy/estimation_plug_ins/accelergy-cacti-plug-in/cacti_inputs_outputs/tmpyd2euo1k 2>&1
2026-01-18 21:39:21 INFO        | Cache bandwidth: 2.0 bytes/cycle
2026-01-18 21:39:21 INFO        | Cache bandwidth: 5410814814.082581 bits/second
2026-01-18 21:39:21 INFO        | Global cycle time 1e-09 is less than the cache's random cycle time 2.95704076923077e-09
2026-01-18 21:39:21 INFO        | Multiplying by n_instances 1
2026-01-18 21:39:21 INFO        
2026-01-18 21:39:21 INFO        ENERGY ESTIMATION for SRAM(depth=1048576, width=8, datawidth=8, block_size=1, has_power_gating=False, n_banks=2, cluster_size=1, reduction_supported=True, multiple_buffering=1, min_utilization=0, allow_overbooking=False, meshX=1, meshY=1, technology=40nm, global_cycle_seconds=1e-09, version=0.4, action_latency_cycles=1, cycle_seconds=1e-09, n_instances=1).read(global_cycle_seconds=1e-09, action_latency_cycles=1)
2026-01-18 21:39:23 INFO        CactiSRAM estimated 4.6698985576923076e-11 with accuracy 80%. Messages:
2026-01-18 21:39:23 INFO        | Unused arguments (datawidth, block_size, has_power_gating, cluster_size, reduction_supported, multiple_buffering, min_utilization, allow_overbooking, meshX, meshY, global_cycle_seconds, version, action_latency_cycles, cycle_seconds, n_instances) provided for ['SRAM', 'sram'].__init__. Arguments used: (depth, width, n_banks, technology)
2026-01-18 21:39:23 INFO        | Unused arguments (global_cycle_seconds, action_latency_cycles) provided for ['SRAM', 'sram'].read. Arguments used: ()
2026-01-18 21:39:23 INFO        | Interpolating technology between 32 and 45.
2026-01-18 21:39:23 INFO        | Calling CACTI with cache_size=4194304 n_rw_ports=1 block_size=4 tech_node_um=0.032 n_banks=2 tag_size=0 associativity=1
2026-01-18 21:39:23 INFO        | Calling CACTI with input path /usr/local/share/accelergy/estimation_plug_ins/accelergy-cacti-plug-in/cacti_inputs_outputs/tmpnb1h0vyj
2026-01-18 21:39:23 INFO        | CACTI output will be written to /usr/local/share/accelergy/estimation_plug_ins/accelergy-cacti-plug-in/cacti_inputs_outputs/tmp2t0yyk4m
2026-01-18 21:39:23 INFO        | CACTI executable not found at /usr/local/share/accelergy/estimation_plug_ins/accelergy-cacti-plug-in/cacti/cacti
2026-01-18 21:39:23 INFO        | Calling: cd /usr/local/share/accelergy/estimation_plug_ins/accelergy-cacti-plug-in ; ./cacti -infile /usr/local/share/accelergy/estimation_plug_ins/accelergy-cacti-plug-in/cacti_inputs_outputs/tmpnb1h0vyj >> /usr/local/share/accelergy/estimation_plug_ins/accelergy-cacti-plug-in/cacti_inputs_outputs/tmp2t0yyk4m 2>&1
2026-01-18 21:39:23 INFO        | Calling CACTI with cache_size=4194304 n_rw_ports=1 block_size=4 tech_node_um=0.045 n_banks=2 tag_size=0 associativity=1
2026-01-18 21:39:23 INFO        | Calling CACTI with input path /usr/local/share/accelergy/estimation_plug_ins/accelergy-cacti-plug-in/cacti_inputs_outputs/tmp34j0uwu_
2026-01-18 21:39:23 INFO        | CACTI output will be written to /usr/local/share/accelergy/estimation_plug_ins/accelergy-cacti-plug-in/cacti_inputs_outputs/tmpcn_7pqbj
2026-01-18 21:39:23 INFO        | CACTI executable not found at /usr/local/share/accelergy/estimation_plug_ins/accelergy-cacti-plug-in/cacti/cacti
2026-01-18 21:39:23 INFO        | Calling: cd /usr/local/share/accelergy/estimation_plug_ins/accelergy-cacti-plug-in ; ./cacti -infile /usr/local/share/accelergy/estimation_plug_ins/accelergy-cacti-plug-in/cacti_inputs_outputs/tmp34j0uwu_ >> /usr/local/share/accelergy/estimation_plug_ins/accelergy-cacti-plug-in/cacti_inputs_outputs/tmpcn_7pqbj 2>&1
2026-01-18 21:39:23 INFO        | Cache bandwidth: 2.0 bytes/cycle
2026-01-18 21:39:23 INFO        | Cache bandwidth: 5410814814.082581 bits/second
2026-01-18 21:39:23 INFO        
2026-01-18 21:39:23 INFO        ENERGY ESTIMATION for SRAM(depth=1048576, width=8, datawidth=8, block_size=1, has_power_gating=False, n_banks=2, cluster_size=1, reduction_supported=True, multiple_buffering=1, min_utilization=0, allow_overbooking=False, meshX=1, meshY=1, technology=40nm, global_cycle_seconds=1e-09, version=0.4, action_latency_cycles=1, cycle_seconds=1e-09, n_instances=1).write(global_cycle_seconds=1e-09, action_latency_cycles=1)
2026-01-18 21:39:26 INFO        CactiSRAM estimated 3.875960538461539e-11 with accuracy 80%. Messages:
2026-01-18 21:39:26 INFO        | Unused arguments (datawidth, block_size, has_power_gating, cluster_size, reduction_supported, multiple_buffering, min_utilization, allow_overbooking, meshX, meshY, global_cycle_seconds, version, action_latency_cycles, cycle_seconds, n_instances) provided for ['SRAM', 'sram'].__init__. Arguments used: (depth, width, n_banks, technology)
2026-01-18 21:39:26 INFO        | Unused arguments (global_cycle_seconds, action_latency_cycles) provided for ['SRAM', 'sram'].write. Arguments used: ()
2026-01-18 21:39:26 INFO        | Interpolating technology between 32 and 45.
2026-01-18 21:39:26 INFO        | Calling CACTI with cache_size=4194304 n_rw_ports=1 block_size=4 tech_node_um=0.032 n_banks=2 tag_size=0 associativity=1
2026-01-18 21:39:26 INFO        | Calling CACTI with input path /usr/local/share/accelergy/estimation_plug_ins/accelergy-cacti-plug-in/cacti_inputs_outputs/tmp7zsybe4m
2026-01-18 21:39:26 INFO        | CACTI output will be written to /usr/local/share/accelergy/estimation_plug_ins/accelergy-cacti-plug-in/cacti_inputs_outputs/tmpl_lqqll4
2026-01-18 21:39:26 INFO        | CACTI executable not found at /usr/local/share/accelergy/estimation_plug_ins/accelergy-cacti-plug-in/cacti/cacti
2026-01-18 21:39:26 INFO        | Calling: cd /usr/local/share/accelergy/estimation_plug_ins/accelergy-cacti-plug-in ; ./cacti -infile /usr/local/share/accelergy/estimation_plug_ins/accelergy-cacti-plug-in/cacti_inputs_outputs/tmp7zsybe4m >> /usr/local/share/accelergy/estimation_plug_ins/accelergy-cacti-plug-in/cacti_inputs_outputs/tmpl_lqqll4 2>&1
2026-01-18 21:39:26 INFO        | Calling CACTI with cache_size=4194304 n_rw_ports=1 block_size=4 tech_node_um=0.045 n_banks=2 tag_size=0 associativity=1
2026-01-18 21:39:26 INFO        | Calling CACTI with input path /usr/local/share/accelergy/estimation_plug_ins/accelergy-cacti-plug-in/cacti_inputs_outputs/tmp4bagqno_
2026-01-18 21:39:26 INFO        | CACTI output will be written to /usr/local/share/accelergy/estimation_plug_ins/accelergy-cacti-plug-in/cacti_inputs_outputs/tmp3uvq9hwn
2026-01-18 21:39:26 INFO        | CACTI executable not found at /usr/local/share/accelergy/estimation_plug_ins/accelergy-cacti-plug-in/cacti/cacti
2026-01-18 21:39:26 INFO        | Calling: cd /usr/local/share/accelergy/estimation_plug_ins/accelergy-cacti-plug-in ; ./cacti -infile /usr/local/share/accelergy/estimation_plug_ins/accelergy-cacti-plug-in/cacti_inputs_outputs/tmp4bagqno_ >> /usr/local/share/accelergy/estimation_plug_ins/accelergy-cacti-plug-in/cacti_inputs_outputs/tmp3uvq9hwn 2>&1
2026-01-18 21:39:26 INFO        | Cache bandwidth: 2.0 bytes/cycle
2026-01-18 21:39:26 INFO        | Cache bandwidth: 5410814814.082581 bits/second
2026-01-18 21:39:26 INFO        
2026-01-18 21:39:26 INFO        ENERGY ESTIMATION for SRAM(depth=64, width=8, datawidth=8, block_size=1, has_power_gating=False, n_banks=2, cluster_size=1, reduction_supported=True, multiple_buffering=1, min_utilization=0, allow_overbooking=False, meshX=16, meshY=16, technology=40nm, global_cycle_seconds=1e-09, version=0.4, action_latency_cycles=1, cycle_seconds=1e-09, n_instances=1).update(global_cycle_seconds=1e-09, action_latency_cycles=1)
2026-01-18 21:39:26 INFO        CactiSRAM estimated 3.105783611092042e-13 with accuracy 80%. Messages:
2026-01-18 21:39:26 INFO        | Unused arguments (datawidth, block_size, has_power_gating, cluster_size, reduction_supported, multiple_buffering, min_utilization, allow_overbooking, meshX, meshY, global_cycle_seconds, version, action_latency_cycles, cycle_seconds, n_instances) provided for ['SRAM', 'sram'].__init__. Arguments used: (depth, width, n_banks, technology)
2026-01-18 21:39:26 INFO        | Unused arguments (global_cycle_seconds, action_latency_cycles) provided for ['SRAM', 'sram'].update. Arguments used: ()
2026-01-18 21:39:26 INFO        | Interpolating technology between 32 and 45.
2026-01-18 21:39:26 INFO        | Calling CACTI with cache_size=512 n_rw_ports=1 block_size=4 tech_node_um=0.032 n_banks=2 tag_size=0 associativity=1
2026-01-18 21:39:26 INFO        | Calling CACTI with input path /usr/local/share/accelergy/estimation_plug_ins/accelergy-cacti-plug-in/cacti_inputs_outputs/tmpuskggnox
2026-01-18 21:39:26 INFO        | CACTI output will be written to /usr/local/share/accelergy/estimation_plug_ins/accelergy-cacti-plug-in/cacti_inputs_outputs/tmp9brt1fdj
2026-01-18 21:39:26 INFO        | CACTI executable not found at /usr/local/share/accelergy/estimation_plug_ins/accelergy-cacti-plug-in/cacti/cacti
2026-01-18 21:39:26 INFO        | Calling: cd /usr/local/share/accelergy/estimation_plug_ins/accelergy-cacti-plug-in ; ./cacti -infile /usr/local/share/accelergy/estimation_plug_ins/accelergy-cacti-plug-in/cacti_inputs_outputs/tmpuskggnox >> /usr/local/share/accelergy/estimation_plug_ins/accelergy-cacti-plug-in/cacti_inputs_outputs/tmp9brt1fdj 2>&1
2026-01-18 21:39:26 INFO        | Calling CACTI with cache_size=512 n_rw_ports=1 block_size=4 tech_node_um=0.045 n_banks=2 tag_size=0 associativity=1
2026-01-18 21:39:26 INFO        | Calling CACTI with input path /usr/local/share/accelergy/estimation_plug_ins/accelergy-cacti-plug-in/cacti_inputs_outputs/tmpbs7rdcom
2026-01-18 21:39:26 INFO        | CACTI output will be written to /usr/local/share/accelergy/estimation_plug_ins/accelergy-cacti-plug-in/cacti_inputs_outputs/tmpt3d3tqdb
2026-01-18 21:39:26 INFO        | CACTI executable not found at /usr/local/share/accelergy/estimation_plug_ins/accelergy-cacti-plug-in/cacti/cacti
2026-01-18 21:39:26 INFO        | Calling: cd /usr/local/share/accelergy/estimation_plug_ins/accelergy-cacti-plug-in ; ./cacti -infile /usr/local/share/accelergy/estimation_plug_ins/accelergy-cacti-plug-in/cacti_inputs_outputs/tmpbs7rdcom >> /usr/local/share/accelergy/estimation_plug_ins/accelergy-cacti-plug-in/cacti_inputs_outputs/tmpt3d3tqdb 2>&1
2026-01-18 21:39:26 INFO        | Cache bandwidth: 2.0 bytes/cycle
2026-01-18 21:39:26 INFO        | Cache bandwidth: 35925347128.666626 bits/second
2026-01-18 21:39:26 INFO        
2026-01-18 21:39:26 INFO        ENERGY ESTIMATION for SRAM(depth=64, width=8, datawidth=8, block_size=1, has_power_gating=False, n_banks=2, cluster_size=1, reduction_supported=True, multiple_buffering=1, min_utilization=0, allow_overbooking=False, meshX=16, meshY=16, technology=40nm, global_cycle_seconds=1e-09, version=0.4, action_latency_cycles=1, cycle_seconds=1e-09, n_instances=1).leak(global_cycle_seconds=1e-09, action_latency_cycles=1)
2026-01-18 21:39:26 INFO        CactiSRAM estimated 4.046823076923077e-18 with accuracy 80%. Messages:
2026-01-18 21:39:26 INFO        | Unused arguments (datawidth, block_size, has_power_gating, cluster_size, reduction_supported, multiple_buffering, min_utilization, allow_overbooking, meshX, meshY, global_cycle_seconds, version, action_latency_cycles, cycle_seconds, n_instances) provided for ['SRAM', 'sram'].__init__. Arguments used: (depth, width, n_banks, technology)
2026-01-18 21:39:26 INFO        | Unused arguments (action_latency_cycles) provided for ['SRAM', 'sram'].leak. Arguments used: (global_cycle_seconds)
2026-01-18 21:39:26 INFO        | Interpolating technology between 32 and 45.
2026-01-18 21:39:26 INFO        | Calling CACTI with cache_size=512 n_rw_ports=1 block_size=4 tech_node_um=0.032 n_banks=2 tag_size=0 associativity=1
2026-01-18 21:39:26 INFO        | Calling CACTI with input path /usr/local/share/accelergy/estimation_plug_ins/accelergy-cacti-plug-in/cacti_inputs_outputs/tmpm38p3tbj
2026-01-18 21:39:26 INFO        | CACTI output will be written to /usr/local/share/accelergy/estimation_plug_ins/accelergy-cacti-plug-in/cacti_inputs_outputs/tmp2uyokm9c
2026-01-18 21:39:26 INFO        | CACTI executable not found at /usr/local/share/accelergy/estimation_plug_ins/accelergy-cacti-plug-in/cacti/cacti
2026-01-18 21:39:26 INFO        | Calling: cd /usr/local/share/accelergy/estimation_plug_ins/accelergy-cacti-plug-in ; ./cacti -infile /usr/local/share/accelergy/estimation_plug_ins/accelergy-cacti-plug-in/cacti_inputs_outputs/tmpm38p3tbj >> /usr/local/share/accelergy/estimation_plug_ins/accelergy-cacti-plug-in/cacti_inputs_outputs/tmp2uyokm9c 2>&1
2026-01-18 21:39:26 INFO        | Calling CACTI with cache_size=512 n_rw_ports=1 block_size=4 tech_node_um=0.045 n_banks=2 tag_size=0 associativity=1
2026-01-18 21:39:26 INFO        | Calling CACTI with input path /usr/local/share/accelergy/estimation_plug_ins/accelergy-cacti-plug-in/cacti_inputs_outputs/tmpvnkt_h91
2026-01-18 21:39:26 INFO        | CACTI output will be written to /usr/local/share/accelergy/estimation_plug_ins/accelergy-cacti-plug-in/cacti_inputs_outputs/tmpp40_euan
2026-01-18 21:39:26 INFO        | CACTI executable not found at /usr/local/share/accelergy/estimation_plug_ins/accelergy-cacti-plug-in/cacti/cacti
2026-01-18 21:39:26 INFO        | Calling: cd /usr/local/share/accelergy/estimation_plug_ins/accelergy-cacti-plug-in ; ./cacti -infile /usr/local/share/accelergy/estimation_plug_ins/accelergy-cacti-plug-in/cacti_inputs_outputs/tmpvnkt_h91 >> /usr/local/share/accelergy/estimation_plug_ins/accelergy-cacti-plug-in/cacti_inputs_outputs/tmpp40_euan 2>&1
2026-01-18 21:39:26 INFO        | Cache bandwidth: 2.0 bytes/cycle
2026-01-18 21:39:26 INFO        | Cache bandwidth: 35925347128.666626 bits/second
2026-01-18 21:39:26 INFO        | Multiplying by n_instances 1
2026-01-18 21:39:26 INFO        
2026-01-18 21:39:26 INFO        ENERGY ESTIMATION for SRAM(depth=64, width=8, datawidth=8, block_size=1, has_power_gating=False, n_banks=2, cluster_size=1, reduction_supported=True, multiple_buffering=1, min_utilization=0, allow_overbooking=False, meshX=16, meshY=16, technology=40nm, global_cycle_seconds=1e-09, version=0.4, action_latency_cycles=1, cycle_seconds=1e-09, n_instances=1).read(global_cycle_seconds=1e-09, action_latency_cycles=1)
2026-01-18 21:39:26 INFO        CactiSRAM estimated 2.1143053551418007e-13 with accuracy 80%. Messages:
2026-01-18 21:39:26 INFO        | Unused arguments (datawidth, block_size, has_power_gating, cluster_size, reduction_supported, multiple_buffering, min_utilization, allow_overbooking, meshX, meshY, global_cycle_seconds, version, action_latency_cycles, cycle_seconds, n_instances) provided for ['SRAM', 'sram'].__init__. Arguments used: (depth, width, n_banks, technology)
2026-01-18 21:39:26 INFO        | Unused arguments (global_cycle_seconds, action_latency_cycles) provided for ['SRAM', 'sram'].read. Arguments used: ()
2026-01-18 21:39:26 INFO        | Interpolating technology between 32 and 45.
2026-01-18 21:39:26 INFO        | Calling CACTI with cache_size=512 n_rw_ports=1 block_size=4 tech_node_um=0.032 n_banks=2 tag_size=0 associativity=1
2026-01-18 21:39:26 INFO        | Calling CACTI with input path /usr/local/share/accelergy/estimation_plug_ins/accelergy-cacti-plug-in/cacti_inputs_outputs/tmp4k2m9xt9
2026-01-18 21:39:26 INFO        | CACTI output will be written to /usr/local/share/accelergy/estimation_plug_ins/accelergy-cacti-plug-in/cacti_inputs_outputs/tmpjiip08jt
2026-01-18 21:39:26 INFO        | CACTI executable not found at /usr/local/share/accelergy/estimation_plug_ins/accelergy-cacti-plug-in/cacti/cacti
2026-01-18 21:39:26 INFO        | Calling: cd /usr/local/share/accelergy/estimation_plug_ins/accelergy-cacti-plug-in ; ./cacti -infile /usr/local/share/accelergy/estimation_plug_ins/accelergy-cacti-plug-in/cacti_inputs_outputs/tmp4k2m9xt9 >> /usr/local/share/accelergy/estimation_plug_ins/accelergy-cacti-plug-in/cacti_inputs_outputs/tmpjiip08jt 2>&1
2026-01-18 21:39:26 INFO        | Calling CACTI with cache_size=512 n_rw_ports=1 block_size=4 tech_node_um=0.045 n_banks=2 tag_size=0 associativity=1
2026-01-18 21:39:26 INFO        | Calling CACTI with input path /usr/local/share/accelergy/estimation_plug_ins/accelergy-cacti-plug-in/cacti_inputs_outputs/tmpr34hv99n
2026-01-18 21:39:26 INFO        | CACTI output will be written to /usr/local/share/accelergy/estimation_plug_ins/accelergy-cacti-plug-in/cacti_inputs_outputs/tmp8qbsxjug
2026-01-18 21:39:26 INFO        | CACTI executable not found at /usr/local/share/accelergy/estimation_plug_ins/accelergy-cacti-plug-in/cacti/cacti
2026-01-18 21:39:26 INFO        | Calling: cd /usr/local/share/accelergy/estimation_plug_ins/accelergy-cacti-plug-in ; ./cacti -infile /usr/local/share/accelergy/estimation_plug_ins/accelergy-cacti-plug-in/cacti_inputs_outputs/tmpr34hv99n >> /usr/local/share/accelergy/estimation_plug_ins/accelergy-cacti-plug-in/cacti_inputs_outputs/tmp8qbsxjug 2>&1
2026-01-18 21:39:26 INFO        | Cache bandwidth: 2.0 bytes/cycle
2026-01-18 21:39:26 INFO        | Cache bandwidth: 35925347128.666626 bits/second
2026-01-18 21:39:26 INFO        
2026-01-18 21:39:26 INFO        ENERGY ESTIMATION for SRAM(depth=64, width=8, datawidth=8, block_size=1, has_power_gating=False, n_banks=2, cluster_size=1, reduction_supported=True, multiple_buffering=1, min_utilization=0, allow_overbooking=False, meshX=16, meshY=16, technology=40nm, global_cycle_seconds=1e-09, version=0.4, action_latency_cycles=1, cycle_seconds=1e-09, n_instances=1).write(global_cycle_seconds=1e-09, action_latency_cycles=1)
2026-01-18 21:39:26 INFO        CactiSRAM estimated 3.105783611092042e-13 with accuracy 80%. Messages:
2026-01-18 21:39:26 INFO        | Unused arguments (datawidth, block_size, has_power_gating, cluster_size, reduction_supported, multiple_buffering, min_utilization, allow_overbooking, meshX, meshY, global_cycle_seconds, version, action_latency_cycles, cycle_seconds, n_instances) provided for ['SRAM', 'sram'].__init__. Arguments used: (depth, width, n_banks, technology)
2026-01-18 21:39:26 INFO        | Unused arguments (global_cycle_seconds, action_latency_cycles) provided for ['SRAM', 'sram'].write. Arguments used: ()
2026-01-18 21:39:26 INFO        | Interpolating technology between 32 and 45.
2026-01-18 21:39:26 INFO        | Calling CACTI with cache_size=512 n_rw_ports=1 block_size=4 tech_node_um=0.032 n_banks=2 tag_size=0 associativity=1
2026-01-18 21:39:26 INFO        | Calling CACTI with input path /usr/local/share/accelergy/estimation_plug_ins/accelergy-cacti-plug-in/cacti_inputs_outputs/tmpq1co_6qq
2026-01-18 21:39:26 INFO        | CACTI output will be written to /usr/local/share/accelergy/estimation_plug_ins/accelergy-cacti-plug-in/cacti_inputs_outputs/tmpr_e84yqe
2026-01-18 21:39:26 INFO        | CACTI executable not found at /usr/local/share/accelergy/estimation_plug_ins/accelergy-cacti-plug-in/cacti/cacti
2026-01-18 21:39:26 INFO        | Calling: cd /usr/local/share/accelergy/estimation_plug_ins/accelergy-cacti-plug-in ; ./cacti -infile /usr/local/share/accelergy/estimation_plug_ins/accelergy-cacti-plug-in/cacti_inputs_outputs/tmpq1co_6qq >> /usr/local/share/accelergy/estimation_plug_ins/accelergy-cacti-plug-in/cacti_inputs_outputs/tmpr_e84yqe 2>&1
2026-01-18 21:39:26 INFO        | Calling CACTI with cache_size=512 n_rw_ports=1 block_size=4 tech_node_um=0.045 n_banks=2 tag_size=0 associativity=1
2026-01-18 21:39:26 INFO        | Calling CACTI with input path /usr/local/share/accelergy/estimation_plug_ins/accelergy-cacti-plug-in/cacti_inputs_outputs/tmpsladnlx3
2026-01-18 21:39:26 INFO        | CACTI output will be written to /usr/local/share/accelergy/estimation_plug_ins/accelergy-cacti-plug-in/cacti_inputs_outputs/tmpc5s042pn
2026-01-18 21:39:26 INFO        | CACTI executable not found at /usr/local/share/accelergy/estimation_plug_ins/accelergy-cacti-plug-in/cacti/cacti
2026-01-18 21:39:26 INFO        | Calling: cd /usr/local/share/accelergy/estimation_plug_ins/accelergy-cacti-plug-in ; ./cacti -infile /usr/local/share/accelergy/estimation_plug_ins/accelergy-cacti-plug-in/cacti_inputs_outputs/tmpsladnlx3 >> /usr/local/share/accelergy/estimation_plug_ins/accelergy-cacti-plug-in/cacti_inputs_outputs/tmpc5s042pn 2>&1
2026-01-18 21:39:26 INFO        | Cache bandwidth: 2.0 bytes/cycle
2026-01-18 21:39:26 INFO        | Cache bandwidth: 35925347128.666626 bits/second
2026-01-18 21:39:26 INFO        
2026-01-18 21:39:26 INFO        ENERGY ESTIMATION for intmac(width=16, has_power_gating=False, meshX=16, meshY=16, technology=40nm, global_cycle_seconds=1e-09, version=0.4, action_latency_cycles=1, cycle_seconds=1e-09, n_instances=1).compute(global_cycle_seconds=1e-09, action_latency_cycles=1)
2026-01-18 21:39:26 INFO        Aladdin_table estimated 3.275p with accuracy 70%. 
2026-01-18 21:39:26 WARNING     No action counts are specified as yaml input
2026-01-18 21:39:26 INFO        
2026-01-18 21:39:26 INFO        AREA ESTIMATION for DRAM(depth=536870912, width=8, datawidth=8, block_size=1, has_power_gating=False, n_banks=2, cluster_size=1, reduction_supported=True, multiple_buffering=1, min_utilization=0, allow_overbooking=False, meshX=1, meshY=1, technology=40nm, global_cycle_seconds=1e-09, version=0.4, action_latency_cycles=1, cycle_seconds=1e-09, n_instances=1)
2026-01-18 21:39:26 INFO        CactiDRAM estimated 0 with accuracy 80%. Messages:
2026-01-18 21:39:26 INFO        | Unused arguments (depth, datawidth, block_size, has_power_gating, n_banks, cluster_size, reduction_supported, multiple_buffering, min_utilization, allow_overbooking, meshX, meshY, technology, global_cycle_seconds, version, action_latency_cycles, cycle_seconds, n_instances) provided for ['DRAM', 'dram'].__init__. Arguments used: (width)
2026-01-18 21:39:26 INFO        | Multiplying by n_instances 1
2026-01-18 21:39:26 INFO        
2026-01-18 21:39:26 INFO        AREA ESTIMATION for SRAM(depth=1048576, width=8, datawidth=8, block_size=1, has_power_gating=False, n_banks=2, cluster_size=1, reduction_supported=True, multiple_buffering=1, min_utilization=0, allow_overbooking=False, meshX=1, meshY=1, technology=40nm, global_cycle_seconds=1e-09, version=0.4, action_latency_cycles=1, cycle_seconds=1e-09, n_instances=1)
2026-01-18 21:39:28 INFO        CactiSRAM estimated 2.539843269230769e-06 with accuracy 80%. Messages:
2026-01-18 21:39:28 INFO        | Unused arguments (datawidth, block_size, has_power_gating, cluster_size, reduction_supported, multiple_buffering, min_utilization, allow_overbooking, meshX, meshY, global_cycle_seconds, version, action_latency_cycles, cycle_seconds, n_instances) provided for ['SRAM', 'sram'].__init__. Arguments used: (depth, width, n_banks, technology)
2026-01-18 21:39:28 INFO        | Interpolating technology between 32 and 45.
2026-01-18 21:39:28 INFO        | Calling CACTI with cache_size=4194304 n_rw_ports=1 block_size=4 tech_node_um=0.032 n_banks=2 tag_size=0 associativity=1
2026-01-18 21:39:28 INFO        | Calling CACTI with input path /usr/local/share/accelergy/estimation_plug_ins/accelergy-cacti-plug-in/cacti_inputs_outputs/tmpgtool4is
2026-01-18 21:39:28 INFO        | CACTI output will be written to /usr/local/share/accelergy/estimation_plug_ins/accelergy-cacti-plug-in/cacti_inputs_outputs/tmpztlbzpb9
2026-01-18 21:39:28 INFO        | CACTI executable not found at /usr/local/share/accelergy/estimation_plug_ins/accelergy-cacti-plug-in/cacti/cacti
2026-01-18 21:39:28 INFO        | Calling: cd /usr/local/share/accelergy/estimation_plug_ins/accelergy-cacti-plug-in ; ./cacti -infile /usr/local/share/accelergy/estimation_plug_ins/accelergy-cacti-plug-in/cacti_inputs_outputs/tmpgtool4is >> /usr/local/share/accelergy/estimation_plug_ins/accelergy-cacti-plug-in/cacti_inputs_outputs/tmpztlbzpb9 2>&1
2026-01-18 21:39:28 INFO        | Calling CACTI with cache_size=4194304 n_rw_ports=1 block_size=4 tech_node_um=0.045 n_banks=2 tag_size=0 associativity=1
2026-01-18 21:39:28 INFO        | Calling CACTI with input path /usr/local/share/accelergy/estimation_plug_ins/accelergy-cacti-plug-in/cacti_inputs_outputs/tmp0p7gqnwo
2026-01-18 21:39:28 INFO        | CACTI output will be written to /usr/local/share/accelergy/estimation_plug_ins/accelergy-cacti-plug-in/cacti_inputs_outputs/tmpiflfctev
2026-01-18 21:39:28 INFO        | CACTI executable not found at /usr/local/share/accelergy/estimation_plug_ins/accelergy-cacti-plug-in/cacti/cacti
2026-01-18 21:39:28 INFO        | Calling: cd /usr/local/share/accelergy/estimation_plug_ins/accelergy-cacti-plug-in ; ./cacti -infile /usr/local/share/accelergy/estimation_plug_ins/accelergy-cacti-plug-in/cacti_inputs_outputs/tmp0p7gqnwo >> /usr/local/share/accelergy/estimation_plug_ins/accelergy-cacti-plug-in/cacti_inputs_outputs/tmpiflfctev 2>&1
2026-01-18 21:39:28 INFO        | Cache bandwidth: 2.0 bytes/cycle
2026-01-18 21:39:28 INFO        | Cache bandwidth: 5410814814.082581 bits/second
2026-01-18 21:39:28 INFO        | Multiplying by n_instances 1
2026-01-18 21:39:28 INFO        
2026-01-18 21:39:28 INFO        AREA ESTIMATION for dummy_storage(width=1, depth=1, datawidth=1, technology=-1, has_power_gating=False, n_banks=2, cluster_size=1, reduction_supported=True, multiple_buffering=1, min_utilization=0, allow_overbooking=False, meshX=1, meshY=1, global_cycle_seconds=1e-09, version=0.4, action_latency_cycles=1, cycle_seconds=1e-09, n_instances=1)
2026-01-18 21:39:28 INFO        dummy estimated 1u^2 with accuracy 100%. Messages:
2026-01-18 21:39:28 INFO        | Multiplying by n_instances 1
2026-01-18 21:39:28 INFO        
2026-01-18 21:39:28 INFO        AREA ESTIMATION for SRAM(depth=64, width=8, datawidth=8, block_size=1, has_power_gating=False, n_banks=2, cluster_size=1, reduction_supported=True, multiple_buffering=1, min_utilization=0, allow_overbooking=False, meshX=16, meshY=16, technology=40nm, global_cycle_seconds=1e-09, version=0.4, action_latency_cycles=1, cycle_seconds=1e-09, n_instances=1)
2026-01-18 21:39:28 INFO        CactiSRAM estimated 2.612451923076923e-10 with accuracy 80%. Messages:
2026-01-18 21:39:28 INFO        | Unused arguments (datawidth, block_size, has_power_gating, cluster_size, reduction_supported, multiple_buffering, min_utilization, allow_overbooking, meshX, meshY, global_cycle_seconds, version, action_latency_cycles, cycle_seconds, n_instances) provided for ['SRAM', 'sram'].__init__. Arguments used: (depth, width, n_banks, technology)
2026-01-18 21:39:28 INFO        | Interpolating technology between 32 and 45.
2026-01-18 21:39:28 INFO        | Calling CACTI with cache_size=512 n_rw_ports=1 block_size=4 tech_node_um=0.032 n_banks=2 tag_size=0 associativity=1
2026-01-18 21:39:28 INFO        | Calling CACTI with input path /usr/local/share/accelergy/estimation_plug_ins/accelergy-cacti-plug-in/cacti_inputs_outputs/tmp0mj76qo7
2026-01-18 21:39:28 INFO        | CACTI output will be written to /usr/local/share/accelergy/estimation_plug_ins/accelergy-cacti-plug-in/cacti_inputs_outputs/tmp1kz07st8
2026-01-18 21:39:28 INFO        | CACTI executable not found at /usr/local/share/accelergy/estimation_plug_ins/accelergy-cacti-plug-in/cacti/cacti
2026-01-18 21:39:28 INFO        | Calling: cd /usr/local/share/accelergy/estimation_plug_ins/accelergy-cacti-plug-in ; ./cacti -infile /usr/local/share/accelergy/estimation_plug_ins/accelergy-cacti-plug-in/cacti_inputs_outputs/tmp0mj76qo7 >> /usr/local/share/accelergy/estimation_plug_ins/accelergy-cacti-plug-in/cacti_inputs_outputs/tmp1kz07st8 2>&1
2026-01-18 21:39:28 INFO        | Calling CACTI with cache_size=512 n_rw_ports=1 block_size=4 tech_node_um=0.045 n_banks=2 tag_size=0 associativity=1
2026-01-18 21:39:28 INFO        | Calling CACTI with input path /usr/local/share/accelergy/estimation_plug_ins/accelergy-cacti-plug-in/cacti_inputs_outputs/tmpwkzufl57
2026-01-18 21:39:28 INFO        | CACTI output will be written to /usr/local/share/accelergy/estimation_plug_ins/accelergy-cacti-plug-in/cacti_inputs_outputs/tmpktrjukgb
2026-01-18 21:39:28 INFO        | CACTI executable not found at /usr/local/share/accelergy/estimation_plug_ins/accelergy-cacti-plug-in/cacti/cacti
2026-01-18 21:39:28 INFO        | Calling: cd /usr/local/share/accelergy/estimation_plug_ins/accelergy-cacti-plug-in ; ./cacti -infile /usr/local/share/accelergy/estimation_plug_ins/accelergy-cacti-plug-in/cacti_inputs_outputs/tmpwkzufl57 >> /usr/local/share/accelergy/estimation_plug_ins/accelergy-cacti-plug-in/cacti_inputs_outputs/tmpktrjukgb 2>&1
2026-01-18 21:39:28 INFO        | Cache bandwidth: 2.0 bytes/cycle
2026-01-18 21:39:28 INFO        | Cache bandwidth: 35925347128.666626 bits/second
2026-01-18 21:39:28 INFO        | Multiplying by n_instances 1
2026-01-18 21:39:28 INFO        
2026-01-18 21:39:28 INFO        AREA ESTIMATION for intmac(width=16, has_power_gating=False, meshX=16, meshY=16, technology=40nm, global_cycle_seconds=1e-09, version=0.4, action_latency_cycles=1, cycle_seconds=1e-09, n_instances=1)
2026-01-18 21:39:28 INFO        Aladdin_table estimated 1726.5u^2 with accuracy 70%. Messages:
2026-01-18 21:39:28 INFO        | Multiplying by n_instances 1
2026-01-18 21:39:28 INFO        flattened architecture is saved to:
2026-01-18 21:39:28 INFO        ./timeloop-mapper.flattened_architecture.yaml
2026-01-18 21:39:29 INFO        energy reference table is saved to:
2026-01-18 21:39:29 INFO        ./timeloop-mapper.ERT.yaml
2026-01-18 21:39:29 INFO        energy reference table summary is saved to:
2026-01-18 21:39:29 INFO        ./timeloop-mapper.ERT_summary.yaml
2026-01-18 21:39:29 WARNING     no runtime energy estimations are generated... not generating energy_estimation.yaml
2026-01-18 21:39:29 INFO        area reference table is saved to:
2026-01-18 21:39:29 INFO        ./timeloop-mapper.ART.yaml
2026-01-18 21:39:29 INFO        area reference table summary is saved to:
2026-01-18 21:39:29 INFO        ./timeloop-mapper.ART_summary.yaml
