2026-01-18 21:39:32 INFO            _                _                      
2026-01-18 21:39:32 INFO           / \   ___ ___ ___| | ___ _ __ __ _ _   _ 
2026-01-18 21:39:32 INFO          / _ \ / __/ __/ _ \ |/ _ \ '__/ _` | | | |
2026-01-18 21:39:32 INFO         / ___ \ (_| (_|  __/ |  __/ | | (_| | |_| |
2026-01-18 21:39:32 INFO        /_/   \_\___\___\___|_|\___|_|  \__, |\__, |
2026-01-18 21:39:32 INFO                                        |___/ |___/ 
2026-01-18 21:39:32 INFO        generating outputs according to the following specified output flags... 
2026-01-18 21:39:32 INFO         Please use the -f flag to update the preference (default to all output files)
2026-01-18 21:39:32 INFO        {'ERT': 1, 'ERT_summary': 1, 'ART': 1, 'ART_summary': 1, 'energy_estimation': 1, 'flattened_arch': 1}
2026-01-18 21:39:32 INFO        Located config file at /home/workspace/.config/accelergy/accelergy_config.yaml.
2026-01-18 21:39:32 INFO        config file located:
2026-01-18 21:39:32 INFO        /home/workspace/.config/accelergy/accelergy_config.yaml
2026-01-18 21:39:32 INFO        Parsing file /home/workspace/tutorial_exercises/PyNET_DNN_Accelerator_Design_exploration/outputs/layer=./inputs/PyNET_Layer3/problem.yaml/parsed-processed-input.yaml for architecture info
2026-01-18 21:39:32 INFO        Parsing file /home/workspace/tutorial_exercises/PyNET_DNN_Accelerator_Design_exploration/outputs/layer=./inputs/PyNET_Layer3/problem.yaml/parsed-processed-input.yaml for compound_components info
2026-01-18 21:39:32 WARNING     No compound component classes specified, architecture can only contain primitive components
2026-01-18 21:39:32 INFO        Adding required action "update" to class DRAM
2026-01-18 21:39:32 INFO        Adding required action "leak" to class DRAM
2026-01-18 21:39:32 INFO        Adding required action "read" to class DRAM
2026-01-18 21:39:32 INFO        Adding required action "write" to class DRAM
2026-01-18 21:39:32 INFO        Adding required action "update" to class SRAM
2026-01-18 21:39:32 INFO        Adding required action "leak" to class SRAM
2026-01-18 21:39:32 INFO        Adding required action "read" to class SRAM
2026-01-18 21:39:32 INFO        Adding required action "write" to class SRAM
2026-01-18 21:39:32 INFO        Adding required action "compute" to class intmac
2026-01-18 21:39:32 INFO        Estimator plug-in identified by: /usr/local/share/accelergy/estimation_plug_ins/accelergy-aladdin-plug-in/aladdin.estimator.yaml
2026-01-18 21:39:32 INFO        Estimator plug-in identified by: /usr/local/share/accelergy/estimation_plug_ins/accelergy-adc-plug-in/adc.estimator.yaml
2026-01-18 21:39:32 INFO        Estimator plug-in identified by: /usr/local/share/accelergy/estimation_plug_ins/accelergy-library-plugin/library.estimator.yaml
2026-01-18 21:39:32 INFO        Estimator plug-in identified by: /usr/local/share/accelergy/estimation_plug_ins/accelergy-neurosim-plugin/neurosim.estimator.yaml
2026-01-18 21:39:32 INFO        Estimator plug-in identified by: /usr/local/share/accelergy/estimation_plug_ins/accelergy-cacti-plug-in/cacti.estimator.yaml
2026-01-18 21:39:32 INFO        Estimator plug-in identified by: /usr/local/share/accelergy/estimation_plug_ins/accelergy-table-based-plug-ins/table.estimator.yaml
2026-01-18 21:39:32 INFO        Estimator plug-in identified by: /usr/local/share/accelergy/estimation_plug_ins/dummy_tables/dummy.estimator.yaml
2026-01-18 21:39:32 INFO        Loading Python plug-in: /usr/local/share/accelergy/estimation_plug_ins/accelergy-cacti-plug-in/cacti_wrapper.py. Errors below are likely due to plug-in, not Accelergy.
2026-01-18 21:39:32 INFO        Getting all estimators in module <module 'python_plug_in0' from '/usr/local/share/accelergy/estimation_plug_ins/accelergy-cacti-plug-in/cacti_wrapper.py'>
2026-01-18 21:39:32 INFO        Added estimator CactiCache that estimates cache with actions idle, read, read_access, update, update_access, write, write_access, leak
2026-01-18 21:39:32 INFO        Added estimator CactiDRAM that estimates ['DRAM', 'dram'] with actions idle, read, update, write, leak
2026-01-18 21:39:32 INFO        Added estimator CactiSRAM that estimates ['SRAM', 'sram'] with actions idle, read, update, write, leak
2026-01-18 21:39:32 INFO        Done loading Python plug-ins.
2026-01-18 21:39:32 INFO        Found estimator plug-in: Aladdin_table (<AladdinTable.AladdinTable object at 0x765c280335b0>)
2026-01-18 21:39:32 INFO        Found estimator plug-in: ADC Plug-In (<ADCEstimator.ADCEstimator object at 0x765c280318d0>)
2026-01-18 21:39:32 INFO        Found estimator plug-in: Library (<LibraryEstimator.LibraryEstimator object at 0x765c28032bf0>)
2026-01-18 21:39:32 INFO        Found estimator plug-in: Neurosim Plug-In (<NeuroWrapper.NeuroWrapper object at 0x765c28032410>)
2026-01-18 21:39:32 INFO        Found estimator plug-in: DEPRECATED table-based-plug-ins. Use the Library plug-in instead. (<SetsOfTables.SetsOfTables object at 0x765c28030e80>)
2026-01-18 21:39:32 INFO        Found estimator plug-in: dummy (<DummyTable.DummyTable object at 0x765c27f62c80>)
2026-01-18 21:39:32 INFO        Found estimator plug-in: CactiCache (<accelergy.plug_in_interface.estimator_wrapper.EstimatorWrapper object at 0x765c27f63c70>)
2026-01-18 21:39:32 INFO        Found estimator plug-in: CactiDRAM (<accelergy.plug_in_interface.estimator_wrapper.EstimatorWrapper object at 0x765c27f63e50>)
2026-01-18 21:39:32 INFO        Found estimator plug-in: CactiSRAM (<accelergy.plug_in_interface.estimator_wrapper.EstimatorWrapper object at 0x765c27f62b00>)
2026-01-18 21:39:32 INFO        
2026-01-18 21:39:32 INFO        ENERGY ESTIMATION for DRAM(depth=536870912, width=8, datawidth=8, block_size=1, has_power_gating=False, n_banks=2, cluster_size=1, reduction_supported=True, multiple_buffering=1, min_utilization=0, allow_overbooking=False, meshX=1, meshY=1, technology=40nm, global_cycle_seconds=1e-09, version=0.4, action_latency_cycles=1, cycle_seconds=1e-09, n_instances=1).update(global_cycle_seconds=1e-09, action_latency_cycles=1)
2026-01-18 21:39:32 INFO        CactiDRAM estimated 6.4e-11 with accuracy 80%. Messages:
2026-01-18 21:39:32 INFO        | Unused arguments (depth, datawidth, block_size, has_power_gating, n_banks, cluster_size, reduction_supported, multiple_buffering, min_utilization, allow_overbooking, meshX, meshY, technology, global_cycle_seconds, version, action_latency_cycles, cycle_seconds, n_instances) provided for ['DRAM', 'dram'].__init__. Arguments used: (width)
2026-01-18 21:39:32 INFO        | Unused arguments (global_cycle_seconds, action_latency_cycles) provided for ['DRAM', 'dram'].update. Arguments used: ()
2026-01-18 21:39:32 INFO        
2026-01-18 21:39:32 INFO        ENERGY ESTIMATION for DRAM(depth=536870912, width=8, datawidth=8, block_size=1, has_power_gating=False, n_banks=2, cluster_size=1, reduction_supported=True, multiple_buffering=1, min_utilization=0, allow_overbooking=False, meshX=1, meshY=1, technology=40nm, global_cycle_seconds=1e-09, version=0.4, action_latency_cycles=1, cycle_seconds=1e-09, n_instances=1).leak(global_cycle_seconds=1e-09, action_latency_cycles=1)
2026-01-18 21:39:32 INFO        CactiDRAM estimated 0 with accuracy 80%. Messages:
2026-01-18 21:39:32 INFO        | Unused arguments (depth, datawidth, block_size, has_power_gating, n_banks, cluster_size, reduction_supported, multiple_buffering, min_utilization, allow_overbooking, meshX, meshY, technology, global_cycle_seconds, version, action_latency_cycles, cycle_seconds, n_instances) provided for ['DRAM', 'dram'].__init__. Arguments used: (width)
2026-01-18 21:39:32 INFO        | Unused arguments (action_latency_cycles) provided for ['DRAM', 'dram'].leak. Arguments used: (global_cycle_seconds)
2026-01-18 21:39:32 INFO        | Multiplying by n_instances 1
2026-01-18 21:39:32 INFO        
2026-01-18 21:39:32 INFO        ENERGY ESTIMATION for DRAM(depth=536870912, width=8, datawidth=8, block_size=1, has_power_gating=False, n_banks=2, cluster_size=1, reduction_supported=True, multiple_buffering=1, min_utilization=0, allow_overbooking=False, meshX=1, meshY=1, technology=40nm, global_cycle_seconds=1e-09, version=0.4, action_latency_cycles=1, cycle_seconds=1e-09, n_instances=1).read(global_cycle_seconds=1e-09, action_latency_cycles=1)
2026-01-18 21:39:32 INFO        CactiDRAM estimated 6.4e-11 with accuracy 80%. Messages:
2026-01-18 21:39:32 INFO        | Unused arguments (depth, datawidth, block_size, has_power_gating, n_banks, cluster_size, reduction_supported, multiple_buffering, min_utilization, allow_overbooking, meshX, meshY, technology, global_cycle_seconds, version, action_latency_cycles, cycle_seconds, n_instances) provided for ['DRAM', 'dram'].__init__. Arguments used: (width)
2026-01-18 21:39:32 INFO        | Unused arguments (global_cycle_seconds, action_latency_cycles) provided for ['DRAM', 'dram'].read. Arguments used: ()
2026-01-18 21:39:32 INFO        
2026-01-18 21:39:32 INFO        ENERGY ESTIMATION for DRAM(depth=536870912, width=8, datawidth=8, block_size=1, has_power_gating=False, n_banks=2, cluster_size=1, reduction_supported=True, multiple_buffering=1, min_utilization=0, allow_overbooking=False, meshX=1, meshY=1, technology=40nm, global_cycle_seconds=1e-09, version=0.4, action_latency_cycles=1, cycle_seconds=1e-09, n_instances=1).write(global_cycle_seconds=1e-09, action_latency_cycles=1)
2026-01-18 21:39:32 INFO        CactiDRAM estimated 6.4e-11 with accuracy 80%. Messages:
2026-01-18 21:39:32 INFO        | Unused arguments (depth, datawidth, block_size, has_power_gating, n_banks, cluster_size, reduction_supported, multiple_buffering, min_utilization, allow_overbooking, meshX, meshY, technology, global_cycle_seconds, version, action_latency_cycles, cycle_seconds, n_instances) provided for ['DRAM', 'dram'].__init__. Arguments used: (width)
2026-01-18 21:39:32 INFO        | Unused arguments (global_cycle_seconds, action_latency_cycles) provided for ['DRAM', 'dram'].write. Arguments used: ()
2026-01-18 21:39:32 INFO        
2026-01-18 21:39:32 INFO        ENERGY ESTIMATION for SRAM(depth=1048576, width=8, datawidth=8, block_size=1, has_power_gating=False, n_banks=2, cluster_size=1, reduction_supported=True, multiple_buffering=1, min_utilization=0, allow_overbooking=False, meshX=1, meshY=1, technology=40nm, global_cycle_seconds=1e-09, version=0.4, action_latency_cycles=1, cycle_seconds=1e-09, n_instances=1).update(global_cycle_seconds=1e-09, action_latency_cycles=1)
2026-01-18 21:39:35 INFO        CactiSRAM estimated 3.875960538461539e-11 with accuracy 80%. Messages:
2026-01-18 21:39:35 INFO        | Unused arguments (datawidth, block_size, has_power_gating, cluster_size, reduction_supported, multiple_buffering, min_utilization, allow_overbooking, meshX, meshY, global_cycle_seconds, version, action_latency_cycles, cycle_seconds, n_instances) provided for ['SRAM', 'sram'].__init__. Arguments used: (depth, width, n_banks, technology)
2026-01-18 21:39:35 INFO        | Unused arguments (global_cycle_seconds, action_latency_cycles) provided for ['SRAM', 'sram'].update. Arguments used: ()
2026-01-18 21:39:35 INFO        | Interpolating technology between 32 and 45.
2026-01-18 21:39:35 INFO        | Calling CACTI with cache_size=4194304 n_rw_ports=1 block_size=4 tech_node_um=0.032 n_banks=2 tag_size=0 associativity=1
2026-01-18 21:39:35 INFO        | Calling CACTI with input path /usr/local/share/accelergy/estimation_plug_ins/accelergy-cacti-plug-in/cacti_inputs_outputs/tmpb2ma9jbe
2026-01-18 21:39:35 INFO        | CACTI output will be written to /usr/local/share/accelergy/estimation_plug_ins/accelergy-cacti-plug-in/cacti_inputs_outputs/tmp67hcnwx_
2026-01-18 21:39:35 INFO        | CACTI executable not found at /usr/local/share/accelergy/estimation_plug_ins/accelergy-cacti-plug-in/cacti/cacti
2026-01-18 21:39:35 INFO        | Calling: cd /usr/local/share/accelergy/estimation_plug_ins/accelergy-cacti-plug-in ; ./cacti -infile /usr/local/share/accelergy/estimation_plug_ins/accelergy-cacti-plug-in/cacti_inputs_outputs/tmpb2ma9jbe >> /usr/local/share/accelergy/estimation_plug_ins/accelergy-cacti-plug-in/cacti_inputs_outputs/tmp67hcnwx_ 2>&1
2026-01-18 21:39:35 INFO        | Calling CACTI with cache_size=4194304 n_rw_ports=1 block_size=4 tech_node_um=0.045 n_banks=2 tag_size=0 associativity=1
2026-01-18 21:39:35 INFO        | Calling CACTI with input path /usr/local/share/accelergy/estimation_plug_ins/accelergy-cacti-plug-in/cacti_inputs_outputs/tmpfc8tv720
2026-01-18 21:39:35 INFO        | CACTI output will be written to /usr/local/share/accelergy/estimation_plug_ins/accelergy-cacti-plug-in/cacti_inputs_outputs/tmp3juhowxn
2026-01-18 21:39:35 INFO        | CACTI executable not found at /usr/local/share/accelergy/estimation_plug_ins/accelergy-cacti-plug-in/cacti/cacti
2026-01-18 21:39:35 INFO        | Calling: cd /usr/local/share/accelergy/estimation_plug_ins/accelergy-cacti-plug-in ; ./cacti -infile /usr/local/share/accelergy/estimation_plug_ins/accelergy-cacti-plug-in/cacti_inputs_outputs/tmpfc8tv720 >> /usr/local/share/accelergy/estimation_plug_ins/accelergy-cacti-plug-in/cacti_inputs_outputs/tmp3juhowxn 2>&1
2026-01-18 21:39:35 INFO        | Cache bandwidth: 2.0 bytes/cycle
2026-01-18 21:39:35 INFO        | Cache bandwidth: 5410814814.082581 bits/second
2026-01-18 21:39:35 INFO        
2026-01-18 21:39:35 INFO        ENERGY ESTIMATION for SRAM(depth=1048576, width=8, datawidth=8, block_size=1, has_power_gating=False, n_banks=2, cluster_size=1, reduction_supported=True, multiple_buffering=1, min_utilization=0, allow_overbooking=False, meshX=1, meshY=1, technology=40nm, global_cycle_seconds=1e-09, version=0.4, action_latency_cycles=1, cycle_seconds=1e-09, n_instances=1).leak(global_cycle_seconds=1e-09, action_latency_cycles=1)
2026-01-18 21:39:37 INFO        CactiSRAM estimated 3.147902307692308e-14 with accuracy 80%. Messages:
2026-01-18 21:39:37 INFO        | Unused arguments (datawidth, block_size, has_power_gating, cluster_size, reduction_supported, multiple_buffering, min_utilization, allow_overbooking, meshX, meshY, global_cycle_seconds, version, action_latency_cycles, cycle_seconds, n_instances) provided for ['SRAM', 'sram'].__init__. Arguments used: (depth, width, n_banks, technology)
2026-01-18 21:39:37 INFO        | Unused arguments (action_latency_cycles) provided for ['SRAM', 'sram'].leak. Arguments used: (global_cycle_seconds)
2026-01-18 21:39:37 INFO        | Interpolating technology between 32 and 45.
2026-01-18 21:39:37 INFO        | Calling CACTI with cache_size=4194304 n_rw_ports=1 block_size=4 tech_node_um=0.032 n_banks=2 tag_size=0 associativity=1
2026-01-18 21:39:37 INFO        | Calling CACTI with input path /usr/local/share/accelergy/estimation_plug_ins/accelergy-cacti-plug-in/cacti_inputs_outputs/tmpr2cg1bk3
2026-01-18 21:39:37 INFO        | CACTI output will be written to /usr/local/share/accelergy/estimation_plug_ins/accelergy-cacti-plug-in/cacti_inputs_outputs/tmpvvxqkz0u
2026-01-18 21:39:37 INFO        | CACTI executable not found at /usr/local/share/accelergy/estimation_plug_ins/accelergy-cacti-plug-in/cacti/cacti
2026-01-18 21:39:37 INFO        | Calling: cd /usr/local/share/accelergy/estimation_plug_ins/accelergy-cacti-plug-in ; ./cacti -infile /usr/local/share/accelergy/estimation_plug_ins/accelergy-cacti-plug-in/cacti_inputs_outputs/tmpr2cg1bk3 >> /usr/local/share/accelergy/estimation_plug_ins/accelergy-cacti-plug-in/cacti_inputs_outputs/tmpvvxqkz0u 2>&1
2026-01-18 21:39:37 INFO        | Calling CACTI with cache_size=4194304 n_rw_ports=1 block_size=4 tech_node_um=0.045 n_banks=2 tag_size=0 associativity=1
2026-01-18 21:39:37 INFO        | Calling CACTI with input path /usr/local/share/accelergy/estimation_plug_ins/accelergy-cacti-plug-in/cacti_inputs_outputs/tmp_eqp3gh3
2026-01-18 21:39:37 INFO        | CACTI output will be written to /usr/local/share/accelergy/estimation_plug_ins/accelergy-cacti-plug-in/cacti_inputs_outputs/tmpz4hbzhs7
2026-01-18 21:39:37 INFO        | CACTI executable not found at /usr/local/share/accelergy/estimation_plug_ins/accelergy-cacti-plug-in/cacti/cacti
2026-01-18 21:39:37 INFO        | Calling: cd /usr/local/share/accelergy/estimation_plug_ins/accelergy-cacti-plug-in ; ./cacti -infile /usr/local/share/accelergy/estimation_plug_ins/accelergy-cacti-plug-in/cacti_inputs_outputs/tmp_eqp3gh3 >> /usr/local/share/accelergy/estimation_plug_ins/accelergy-cacti-plug-in/cacti_inputs_outputs/tmpz4hbzhs7 2>&1
2026-01-18 21:39:37 INFO        | Cache bandwidth: 2.0 bytes/cycle
2026-01-18 21:39:37 INFO        | Cache bandwidth: 5410814814.082581 bits/second
2026-01-18 21:39:37 INFO        | Global cycle time 1e-09 is less than the cache's random cycle time 2.95704076923077e-09
2026-01-18 21:39:37 INFO        | Multiplying by n_instances 1
2026-01-18 21:39:37 INFO        
2026-01-18 21:39:37 INFO        ENERGY ESTIMATION for SRAM(depth=1048576, width=8, datawidth=8, block_size=1, has_power_gating=False, n_banks=2, cluster_size=1, reduction_supported=True, multiple_buffering=1, min_utilization=0, allow_overbooking=False, meshX=1, meshY=1, technology=40nm, global_cycle_seconds=1e-09, version=0.4, action_latency_cycles=1, cycle_seconds=1e-09, n_instances=1).read(global_cycle_seconds=1e-09, action_latency_cycles=1)
2026-01-18 21:39:39 INFO        CactiSRAM estimated 4.6698985576923076e-11 with accuracy 80%. Messages:
2026-01-18 21:39:39 INFO        | Unused arguments (datawidth, block_size, has_power_gating, cluster_size, reduction_supported, multiple_buffering, min_utilization, allow_overbooking, meshX, meshY, global_cycle_seconds, version, action_latency_cycles, cycle_seconds, n_instances) provided for ['SRAM', 'sram'].__init__. Arguments used: (depth, width, n_banks, technology)
2026-01-18 21:39:39 INFO        | Unused arguments (global_cycle_seconds, action_latency_cycles) provided for ['SRAM', 'sram'].read. Arguments used: ()
2026-01-18 21:39:39 INFO        | Interpolating technology between 32 and 45.
2026-01-18 21:39:39 INFO        | Calling CACTI with cache_size=4194304 n_rw_ports=1 block_size=4 tech_node_um=0.032 n_banks=2 tag_size=0 associativity=1
2026-01-18 21:39:39 INFO        | Calling CACTI with input path /usr/local/share/accelergy/estimation_plug_ins/accelergy-cacti-plug-in/cacti_inputs_outputs/tmp00ldsref
2026-01-18 21:39:39 INFO        | CACTI output will be written to /usr/local/share/accelergy/estimation_plug_ins/accelergy-cacti-plug-in/cacti_inputs_outputs/tmp0nzeg5be
2026-01-18 21:39:39 INFO        | CACTI executable not found at /usr/local/share/accelergy/estimation_plug_ins/accelergy-cacti-plug-in/cacti/cacti
2026-01-18 21:39:39 INFO        | Calling: cd /usr/local/share/accelergy/estimation_plug_ins/accelergy-cacti-plug-in ; ./cacti -infile /usr/local/share/accelergy/estimation_plug_ins/accelergy-cacti-plug-in/cacti_inputs_outputs/tmp00ldsref >> /usr/local/share/accelergy/estimation_plug_ins/accelergy-cacti-plug-in/cacti_inputs_outputs/tmp0nzeg5be 2>&1
2026-01-18 21:39:39 INFO        | Calling CACTI with cache_size=4194304 n_rw_ports=1 block_size=4 tech_node_um=0.045 n_banks=2 tag_size=0 associativity=1
2026-01-18 21:39:39 INFO        | Calling CACTI with input path /usr/local/share/accelergy/estimation_plug_ins/accelergy-cacti-plug-in/cacti_inputs_outputs/tmp1jwcgcr7
2026-01-18 21:39:39 INFO        | CACTI output will be written to /usr/local/share/accelergy/estimation_plug_ins/accelergy-cacti-plug-in/cacti_inputs_outputs/tmpbb4co_dq
2026-01-18 21:39:39 INFO        | CACTI executable not found at /usr/local/share/accelergy/estimation_plug_ins/accelergy-cacti-plug-in/cacti/cacti
2026-01-18 21:39:39 INFO        | Calling: cd /usr/local/share/accelergy/estimation_plug_ins/accelergy-cacti-plug-in ; ./cacti -infile /usr/local/share/accelergy/estimation_plug_ins/accelergy-cacti-plug-in/cacti_inputs_outputs/tmp1jwcgcr7 >> /usr/local/share/accelergy/estimation_plug_ins/accelergy-cacti-plug-in/cacti_inputs_outputs/tmpbb4co_dq 2>&1
2026-01-18 21:39:39 INFO        | Cache bandwidth: 2.0 bytes/cycle
2026-01-18 21:39:39 INFO        | Cache bandwidth: 5410814814.082581 bits/second
2026-01-18 21:39:39 INFO        
2026-01-18 21:39:39 INFO        ENERGY ESTIMATION for SRAM(depth=1048576, width=8, datawidth=8, block_size=1, has_power_gating=False, n_banks=2, cluster_size=1, reduction_supported=True, multiple_buffering=1, min_utilization=0, allow_overbooking=False, meshX=1, meshY=1, technology=40nm, global_cycle_seconds=1e-09, version=0.4, action_latency_cycles=1, cycle_seconds=1e-09, n_instances=1).write(global_cycle_seconds=1e-09, action_latency_cycles=1)
2026-01-18 21:39:42 INFO        CactiSRAM estimated 3.875960538461539e-11 with accuracy 80%. Messages:
2026-01-18 21:39:42 INFO        | Unused arguments (datawidth, block_size, has_power_gating, cluster_size, reduction_supported, multiple_buffering, min_utilization, allow_overbooking, meshX, meshY, global_cycle_seconds, version, action_latency_cycles, cycle_seconds, n_instances) provided for ['SRAM', 'sram'].__init__. Arguments used: (depth, width, n_banks, technology)
2026-01-18 21:39:42 INFO        | Unused arguments (global_cycle_seconds, action_latency_cycles) provided for ['SRAM', 'sram'].write. Arguments used: ()
2026-01-18 21:39:42 INFO        | Interpolating technology between 32 and 45.
2026-01-18 21:39:42 INFO        | Calling CACTI with cache_size=4194304 n_rw_ports=1 block_size=4 tech_node_um=0.032 n_banks=2 tag_size=0 associativity=1
2026-01-18 21:39:42 INFO        | Calling CACTI with input path /usr/local/share/accelergy/estimation_plug_ins/accelergy-cacti-plug-in/cacti_inputs_outputs/tmplamc8gj9
2026-01-18 21:39:42 INFO        | CACTI output will be written to /usr/local/share/accelergy/estimation_plug_ins/accelergy-cacti-plug-in/cacti_inputs_outputs/tmpskyrsx_t
2026-01-18 21:39:42 INFO        | CACTI executable not found at /usr/local/share/accelergy/estimation_plug_ins/accelergy-cacti-plug-in/cacti/cacti
2026-01-18 21:39:42 INFO        | Calling: cd /usr/local/share/accelergy/estimation_plug_ins/accelergy-cacti-plug-in ; ./cacti -infile /usr/local/share/accelergy/estimation_plug_ins/accelergy-cacti-plug-in/cacti_inputs_outputs/tmplamc8gj9 >> /usr/local/share/accelergy/estimation_plug_ins/accelergy-cacti-plug-in/cacti_inputs_outputs/tmpskyrsx_t 2>&1
2026-01-18 21:39:42 INFO        | Calling CACTI with cache_size=4194304 n_rw_ports=1 block_size=4 tech_node_um=0.045 n_banks=2 tag_size=0 associativity=1
2026-01-18 21:39:42 INFO        | Calling CACTI with input path /usr/local/share/accelergy/estimation_plug_ins/accelergy-cacti-plug-in/cacti_inputs_outputs/tmpfi82sugw
2026-01-18 21:39:42 INFO        | CACTI output will be written to /usr/local/share/accelergy/estimation_plug_ins/accelergy-cacti-plug-in/cacti_inputs_outputs/tmplcfu5hlm
2026-01-18 21:39:42 INFO        | CACTI executable not found at /usr/local/share/accelergy/estimation_plug_ins/accelergy-cacti-plug-in/cacti/cacti
2026-01-18 21:39:42 INFO        | Calling: cd /usr/local/share/accelergy/estimation_plug_ins/accelergy-cacti-plug-in ; ./cacti -infile /usr/local/share/accelergy/estimation_plug_ins/accelergy-cacti-plug-in/cacti_inputs_outputs/tmpfi82sugw >> /usr/local/share/accelergy/estimation_plug_ins/accelergy-cacti-plug-in/cacti_inputs_outputs/tmplcfu5hlm 2>&1
2026-01-18 21:39:42 INFO        | Cache bandwidth: 2.0 bytes/cycle
2026-01-18 21:39:42 INFO        | Cache bandwidth: 5410814814.082581 bits/second
2026-01-18 21:39:42 INFO        
2026-01-18 21:39:42 INFO        ENERGY ESTIMATION for SRAM(depth=64, width=8, datawidth=8, block_size=1, has_power_gating=False, n_banks=2, cluster_size=1, reduction_supported=True, multiple_buffering=1, min_utilization=0, allow_overbooking=False, meshX=16, meshY=16, technology=40nm, global_cycle_seconds=1e-09, version=0.4, action_latency_cycles=1, cycle_seconds=1e-09, n_instances=1).update(global_cycle_seconds=1e-09, action_latency_cycles=1)
2026-01-18 21:39:42 INFO        CactiSRAM estimated 3.105783611092042e-13 with accuracy 80%. Messages:
2026-01-18 21:39:42 INFO        | Unused arguments (datawidth, block_size, has_power_gating, cluster_size, reduction_supported, multiple_buffering, min_utilization, allow_overbooking, meshX, meshY, global_cycle_seconds, version, action_latency_cycles, cycle_seconds, n_instances) provided for ['SRAM', 'sram'].__init__. Arguments used: (depth, width, n_banks, technology)
2026-01-18 21:39:42 INFO        | Unused arguments (global_cycle_seconds, action_latency_cycles) provided for ['SRAM', 'sram'].update. Arguments used: ()
2026-01-18 21:39:42 INFO        | Interpolating technology between 32 and 45.
2026-01-18 21:39:42 INFO        | Calling CACTI with cache_size=512 n_rw_ports=1 block_size=4 tech_node_um=0.032 n_banks=2 tag_size=0 associativity=1
2026-01-18 21:39:42 INFO        | Calling CACTI with input path /usr/local/share/accelergy/estimation_plug_ins/accelergy-cacti-plug-in/cacti_inputs_outputs/tmpghzb4p5h
2026-01-18 21:39:42 INFO        | CACTI output will be written to /usr/local/share/accelergy/estimation_plug_ins/accelergy-cacti-plug-in/cacti_inputs_outputs/tmpe9whpfle
2026-01-18 21:39:42 INFO        | CACTI executable not found at /usr/local/share/accelergy/estimation_plug_ins/accelergy-cacti-plug-in/cacti/cacti
2026-01-18 21:39:42 INFO        | Calling: cd /usr/local/share/accelergy/estimation_plug_ins/accelergy-cacti-plug-in ; ./cacti -infile /usr/local/share/accelergy/estimation_plug_ins/accelergy-cacti-plug-in/cacti_inputs_outputs/tmpghzb4p5h >> /usr/local/share/accelergy/estimation_plug_ins/accelergy-cacti-plug-in/cacti_inputs_outputs/tmpe9whpfle 2>&1
2026-01-18 21:39:42 INFO        | Calling CACTI with cache_size=512 n_rw_ports=1 block_size=4 tech_node_um=0.045 n_banks=2 tag_size=0 associativity=1
2026-01-18 21:39:42 INFO        | Calling CACTI with input path /usr/local/share/accelergy/estimation_plug_ins/accelergy-cacti-plug-in/cacti_inputs_outputs/tmprw31zkco
2026-01-18 21:39:42 INFO        | CACTI output will be written to /usr/local/share/accelergy/estimation_plug_ins/accelergy-cacti-plug-in/cacti_inputs_outputs/tmpfhyz9acy
2026-01-18 21:39:42 INFO        | CACTI executable not found at /usr/local/share/accelergy/estimation_plug_ins/accelergy-cacti-plug-in/cacti/cacti
2026-01-18 21:39:42 INFO        | Calling: cd /usr/local/share/accelergy/estimation_plug_ins/accelergy-cacti-plug-in ; ./cacti -infile /usr/local/share/accelergy/estimation_plug_ins/accelergy-cacti-plug-in/cacti_inputs_outputs/tmprw31zkco >> /usr/local/share/accelergy/estimation_plug_ins/accelergy-cacti-plug-in/cacti_inputs_outputs/tmpfhyz9acy 2>&1
2026-01-18 21:39:42 INFO        | Cache bandwidth: 2.0 bytes/cycle
2026-01-18 21:39:42 INFO        | Cache bandwidth: 35925347128.666626 bits/second
2026-01-18 21:39:42 INFO        
2026-01-18 21:39:42 INFO        ENERGY ESTIMATION for SRAM(depth=64, width=8, datawidth=8, block_size=1, has_power_gating=False, n_banks=2, cluster_size=1, reduction_supported=True, multiple_buffering=1, min_utilization=0, allow_overbooking=False, meshX=16, meshY=16, technology=40nm, global_cycle_seconds=1e-09, version=0.4, action_latency_cycles=1, cycle_seconds=1e-09, n_instances=1).leak(global_cycle_seconds=1e-09, action_latency_cycles=1)
2026-01-18 21:39:42 INFO        CactiSRAM estimated 4.046823076923077e-18 with accuracy 80%. Messages:
2026-01-18 21:39:42 INFO        | Unused arguments (datawidth, block_size, has_power_gating, cluster_size, reduction_supported, multiple_buffering, min_utilization, allow_overbooking, meshX, meshY, global_cycle_seconds, version, action_latency_cycles, cycle_seconds, n_instances) provided for ['SRAM', 'sram'].__init__. Arguments used: (depth, width, n_banks, technology)
2026-01-18 21:39:42 INFO        | Unused arguments (action_latency_cycles) provided for ['SRAM', 'sram'].leak. Arguments used: (global_cycle_seconds)
2026-01-18 21:39:42 INFO        | Interpolating technology between 32 and 45.
2026-01-18 21:39:42 INFO        | Calling CACTI with cache_size=512 n_rw_ports=1 block_size=4 tech_node_um=0.032 n_banks=2 tag_size=0 associativity=1
2026-01-18 21:39:42 INFO        | Calling CACTI with input path /usr/local/share/accelergy/estimation_plug_ins/accelergy-cacti-plug-in/cacti_inputs_outputs/tmp_9fnojea
2026-01-18 21:39:42 INFO        | CACTI output will be written to /usr/local/share/accelergy/estimation_plug_ins/accelergy-cacti-plug-in/cacti_inputs_outputs/tmp7dlk0t_c
2026-01-18 21:39:42 INFO        | CACTI executable not found at /usr/local/share/accelergy/estimation_plug_ins/accelergy-cacti-plug-in/cacti/cacti
2026-01-18 21:39:42 INFO        | Calling: cd /usr/local/share/accelergy/estimation_plug_ins/accelergy-cacti-plug-in ; ./cacti -infile /usr/local/share/accelergy/estimation_plug_ins/accelergy-cacti-plug-in/cacti_inputs_outputs/tmp_9fnojea >> /usr/local/share/accelergy/estimation_plug_ins/accelergy-cacti-plug-in/cacti_inputs_outputs/tmp7dlk0t_c 2>&1
2026-01-18 21:39:42 INFO        | Calling CACTI with cache_size=512 n_rw_ports=1 block_size=4 tech_node_um=0.045 n_banks=2 tag_size=0 associativity=1
2026-01-18 21:39:42 INFO        | Calling CACTI with input path /usr/local/share/accelergy/estimation_plug_ins/accelergy-cacti-plug-in/cacti_inputs_outputs/tmpxqauroag
2026-01-18 21:39:42 INFO        | CACTI output will be written to /usr/local/share/accelergy/estimation_plug_ins/accelergy-cacti-plug-in/cacti_inputs_outputs/tmplqflm9bh
2026-01-18 21:39:42 INFO        | CACTI executable not found at /usr/local/share/accelergy/estimation_plug_ins/accelergy-cacti-plug-in/cacti/cacti
2026-01-18 21:39:42 INFO        | Calling: cd /usr/local/share/accelergy/estimation_plug_ins/accelergy-cacti-plug-in ; ./cacti -infile /usr/local/share/accelergy/estimation_plug_ins/accelergy-cacti-plug-in/cacti_inputs_outputs/tmpxqauroag >> /usr/local/share/accelergy/estimation_plug_ins/accelergy-cacti-plug-in/cacti_inputs_outputs/tmplqflm9bh 2>&1
2026-01-18 21:39:42 INFO        | Cache bandwidth: 2.0 bytes/cycle
2026-01-18 21:39:42 INFO        | Cache bandwidth: 35925347128.666626 bits/second
2026-01-18 21:39:42 INFO        | Multiplying by n_instances 1
2026-01-18 21:39:42 INFO        
2026-01-18 21:39:42 INFO        ENERGY ESTIMATION for SRAM(depth=64, width=8, datawidth=8, block_size=1, has_power_gating=False, n_banks=2, cluster_size=1, reduction_supported=True, multiple_buffering=1, min_utilization=0, allow_overbooking=False, meshX=16, meshY=16, technology=40nm, global_cycle_seconds=1e-09, version=0.4, action_latency_cycles=1, cycle_seconds=1e-09, n_instances=1).read(global_cycle_seconds=1e-09, action_latency_cycles=1)
2026-01-18 21:39:42 INFO        CactiSRAM estimated 2.1143053551418007e-13 with accuracy 80%. Messages:
2026-01-18 21:39:42 INFO        | Unused arguments (datawidth, block_size, has_power_gating, cluster_size, reduction_supported, multiple_buffering, min_utilization, allow_overbooking, meshX, meshY, global_cycle_seconds, version, action_latency_cycles, cycle_seconds, n_instances) provided for ['SRAM', 'sram'].__init__. Arguments used: (depth, width, n_banks, technology)
2026-01-18 21:39:42 INFO        | Unused arguments (global_cycle_seconds, action_latency_cycles) provided for ['SRAM', 'sram'].read. Arguments used: ()
2026-01-18 21:39:42 INFO        | Interpolating technology between 32 and 45.
2026-01-18 21:39:42 INFO        | Calling CACTI with cache_size=512 n_rw_ports=1 block_size=4 tech_node_um=0.032 n_banks=2 tag_size=0 associativity=1
2026-01-18 21:39:42 INFO        | Calling CACTI with input path /usr/local/share/accelergy/estimation_plug_ins/accelergy-cacti-plug-in/cacti_inputs_outputs/tmp5_n7t0hr
2026-01-18 21:39:42 INFO        | CACTI output will be written to /usr/local/share/accelergy/estimation_plug_ins/accelergy-cacti-plug-in/cacti_inputs_outputs/tmpknv9p0dt
2026-01-18 21:39:42 INFO        | CACTI executable not found at /usr/local/share/accelergy/estimation_plug_ins/accelergy-cacti-plug-in/cacti/cacti
2026-01-18 21:39:42 INFO        | Calling: cd /usr/local/share/accelergy/estimation_plug_ins/accelergy-cacti-plug-in ; ./cacti -infile /usr/local/share/accelergy/estimation_plug_ins/accelergy-cacti-plug-in/cacti_inputs_outputs/tmp5_n7t0hr >> /usr/local/share/accelergy/estimation_plug_ins/accelergy-cacti-plug-in/cacti_inputs_outputs/tmpknv9p0dt 2>&1
2026-01-18 21:39:42 INFO        | Calling CACTI with cache_size=512 n_rw_ports=1 block_size=4 tech_node_um=0.045 n_banks=2 tag_size=0 associativity=1
2026-01-18 21:39:42 INFO        | Calling CACTI with input path /usr/local/share/accelergy/estimation_plug_ins/accelergy-cacti-plug-in/cacti_inputs_outputs/tmpo91xxfup
2026-01-18 21:39:42 INFO        | CACTI output will be written to /usr/local/share/accelergy/estimation_plug_ins/accelergy-cacti-plug-in/cacti_inputs_outputs/tmpcv245dzx
2026-01-18 21:39:42 INFO        | CACTI executable not found at /usr/local/share/accelergy/estimation_plug_ins/accelergy-cacti-plug-in/cacti/cacti
2026-01-18 21:39:42 INFO        | Calling: cd /usr/local/share/accelergy/estimation_plug_ins/accelergy-cacti-plug-in ; ./cacti -infile /usr/local/share/accelergy/estimation_plug_ins/accelergy-cacti-plug-in/cacti_inputs_outputs/tmpo91xxfup >> /usr/local/share/accelergy/estimation_plug_ins/accelergy-cacti-plug-in/cacti_inputs_outputs/tmpcv245dzx 2>&1
2026-01-18 21:39:42 INFO        | Cache bandwidth: 2.0 bytes/cycle
2026-01-18 21:39:42 INFO        | Cache bandwidth: 35925347128.666626 bits/second
2026-01-18 21:39:42 INFO        
2026-01-18 21:39:42 INFO        ENERGY ESTIMATION for SRAM(depth=64, width=8, datawidth=8, block_size=1, has_power_gating=False, n_banks=2, cluster_size=1, reduction_supported=True, multiple_buffering=1, min_utilization=0, allow_overbooking=False, meshX=16, meshY=16, technology=40nm, global_cycle_seconds=1e-09, version=0.4, action_latency_cycles=1, cycle_seconds=1e-09, n_instances=1).write(global_cycle_seconds=1e-09, action_latency_cycles=1)
2026-01-18 21:39:42 INFO        CactiSRAM estimated 3.105783611092042e-13 with accuracy 80%. Messages:
2026-01-18 21:39:42 INFO        | Unused arguments (datawidth, block_size, has_power_gating, cluster_size, reduction_supported, multiple_buffering, min_utilization, allow_overbooking, meshX, meshY, global_cycle_seconds, version, action_latency_cycles, cycle_seconds, n_instances) provided for ['SRAM', 'sram'].__init__. Arguments used: (depth, width, n_banks, technology)
2026-01-18 21:39:42 INFO        | Unused arguments (global_cycle_seconds, action_latency_cycles) provided for ['SRAM', 'sram'].write. Arguments used: ()
2026-01-18 21:39:42 INFO        | Interpolating technology between 32 and 45.
2026-01-18 21:39:42 INFO        | Calling CACTI with cache_size=512 n_rw_ports=1 block_size=4 tech_node_um=0.032 n_banks=2 tag_size=0 associativity=1
2026-01-18 21:39:42 INFO        | Calling CACTI with input path /usr/local/share/accelergy/estimation_plug_ins/accelergy-cacti-plug-in/cacti_inputs_outputs/tmpnhz0_lgo
2026-01-18 21:39:42 INFO        | CACTI output will be written to /usr/local/share/accelergy/estimation_plug_ins/accelergy-cacti-plug-in/cacti_inputs_outputs/tmpa2bbgdrp
2026-01-18 21:39:42 INFO        | CACTI executable not found at /usr/local/share/accelergy/estimation_plug_ins/accelergy-cacti-plug-in/cacti/cacti
2026-01-18 21:39:42 INFO        | Calling: cd /usr/local/share/accelergy/estimation_plug_ins/accelergy-cacti-plug-in ; ./cacti -infile /usr/local/share/accelergy/estimation_plug_ins/accelergy-cacti-plug-in/cacti_inputs_outputs/tmpnhz0_lgo >> /usr/local/share/accelergy/estimation_plug_ins/accelergy-cacti-plug-in/cacti_inputs_outputs/tmpa2bbgdrp 2>&1
2026-01-18 21:39:42 INFO        | Calling CACTI with cache_size=512 n_rw_ports=1 block_size=4 tech_node_um=0.045 n_banks=2 tag_size=0 associativity=1
2026-01-18 21:39:42 INFO        | Calling CACTI with input path /usr/local/share/accelergy/estimation_plug_ins/accelergy-cacti-plug-in/cacti_inputs_outputs/tmpa169m913
2026-01-18 21:39:42 INFO        | CACTI output will be written to /usr/local/share/accelergy/estimation_plug_ins/accelergy-cacti-plug-in/cacti_inputs_outputs/tmpn53740l3
2026-01-18 21:39:42 INFO        | CACTI executable not found at /usr/local/share/accelergy/estimation_plug_ins/accelergy-cacti-plug-in/cacti/cacti
2026-01-18 21:39:42 INFO        | Calling: cd /usr/local/share/accelergy/estimation_plug_ins/accelergy-cacti-plug-in ; ./cacti -infile /usr/local/share/accelergy/estimation_plug_ins/accelergy-cacti-plug-in/cacti_inputs_outputs/tmpa169m913 >> /usr/local/share/accelergy/estimation_plug_ins/accelergy-cacti-plug-in/cacti_inputs_outputs/tmpn53740l3 2>&1
2026-01-18 21:39:42 INFO        | Cache bandwidth: 2.0 bytes/cycle
2026-01-18 21:39:42 INFO        | Cache bandwidth: 35925347128.666626 bits/second
2026-01-18 21:39:42 INFO        
2026-01-18 21:39:42 INFO        ENERGY ESTIMATION for intmac(width=16, has_power_gating=False, meshX=16, meshY=16, technology=40nm, global_cycle_seconds=1e-09, version=0.4, action_latency_cycles=1, cycle_seconds=1e-09, n_instances=1).compute(global_cycle_seconds=1e-09, action_latency_cycles=1)
2026-01-18 21:39:42 INFO        Aladdin_table estimated 3.275p with accuracy 70%. 
2026-01-18 21:39:42 WARNING     No action counts are specified as yaml input
2026-01-18 21:39:42 INFO        
2026-01-18 21:39:42 INFO        AREA ESTIMATION for DRAM(depth=536870912, width=8, datawidth=8, block_size=1, has_power_gating=False, n_banks=2, cluster_size=1, reduction_supported=True, multiple_buffering=1, min_utilization=0, allow_overbooking=False, meshX=1, meshY=1, technology=40nm, global_cycle_seconds=1e-09, version=0.4, action_latency_cycles=1, cycle_seconds=1e-09, n_instances=1)
2026-01-18 21:39:42 INFO        CactiDRAM estimated 0 with accuracy 80%. Messages:
2026-01-18 21:39:42 INFO        | Unused arguments (depth, datawidth, block_size, has_power_gating, n_banks, cluster_size, reduction_supported, multiple_buffering, min_utilization, allow_overbooking, meshX, meshY, technology, global_cycle_seconds, version, action_latency_cycles, cycle_seconds, n_instances) provided for ['DRAM', 'dram'].__init__. Arguments used: (width)
2026-01-18 21:39:42 INFO        | Multiplying by n_instances 1
2026-01-18 21:39:42 INFO        
2026-01-18 21:39:42 INFO        AREA ESTIMATION for SRAM(depth=1048576, width=8, datawidth=8, block_size=1, has_power_gating=False, n_banks=2, cluster_size=1, reduction_supported=True, multiple_buffering=1, min_utilization=0, allow_overbooking=False, meshX=1, meshY=1, technology=40nm, global_cycle_seconds=1e-09, version=0.4, action_latency_cycles=1, cycle_seconds=1e-09, n_instances=1)
2026-01-18 21:39:44 INFO        CactiSRAM estimated 2.539843269230769e-06 with accuracy 80%. Messages:
2026-01-18 21:39:44 INFO        | Unused arguments (datawidth, block_size, has_power_gating, cluster_size, reduction_supported, multiple_buffering, min_utilization, allow_overbooking, meshX, meshY, global_cycle_seconds, version, action_latency_cycles, cycle_seconds, n_instances) provided for ['SRAM', 'sram'].__init__. Arguments used: (depth, width, n_banks, technology)
2026-01-18 21:39:44 INFO        | Interpolating technology between 32 and 45.
2026-01-18 21:39:44 INFO        | Calling CACTI with cache_size=4194304 n_rw_ports=1 block_size=4 tech_node_um=0.032 n_banks=2 tag_size=0 associativity=1
2026-01-18 21:39:44 INFO        | Calling CACTI with input path /usr/local/share/accelergy/estimation_plug_ins/accelergy-cacti-plug-in/cacti_inputs_outputs/tmpd6ir3txd
2026-01-18 21:39:44 INFO        | CACTI output will be written to /usr/local/share/accelergy/estimation_plug_ins/accelergy-cacti-plug-in/cacti_inputs_outputs/tmp72_9fo1j
2026-01-18 21:39:44 INFO        | CACTI executable not found at /usr/local/share/accelergy/estimation_plug_ins/accelergy-cacti-plug-in/cacti/cacti
2026-01-18 21:39:44 INFO        | Calling: cd /usr/local/share/accelergy/estimation_plug_ins/accelergy-cacti-plug-in ; ./cacti -infile /usr/local/share/accelergy/estimation_plug_ins/accelergy-cacti-plug-in/cacti_inputs_outputs/tmpd6ir3txd >> /usr/local/share/accelergy/estimation_plug_ins/accelergy-cacti-plug-in/cacti_inputs_outputs/tmp72_9fo1j 2>&1
2026-01-18 21:39:44 INFO        | Calling CACTI with cache_size=4194304 n_rw_ports=1 block_size=4 tech_node_um=0.045 n_banks=2 tag_size=0 associativity=1
2026-01-18 21:39:44 INFO        | Calling CACTI with input path /usr/local/share/accelergy/estimation_plug_ins/accelergy-cacti-plug-in/cacti_inputs_outputs/tmpjfeg7q7b
2026-01-18 21:39:44 INFO        | CACTI output will be written to /usr/local/share/accelergy/estimation_plug_ins/accelergy-cacti-plug-in/cacti_inputs_outputs/tmpcfy66hbe
2026-01-18 21:39:44 INFO        | CACTI executable not found at /usr/local/share/accelergy/estimation_plug_ins/accelergy-cacti-plug-in/cacti/cacti
2026-01-18 21:39:44 INFO        | Calling: cd /usr/local/share/accelergy/estimation_plug_ins/accelergy-cacti-plug-in ; ./cacti -infile /usr/local/share/accelergy/estimation_plug_ins/accelergy-cacti-plug-in/cacti_inputs_outputs/tmpjfeg7q7b >> /usr/local/share/accelergy/estimation_plug_ins/accelergy-cacti-plug-in/cacti_inputs_outputs/tmpcfy66hbe 2>&1
2026-01-18 21:39:44 INFO        | Cache bandwidth: 2.0 bytes/cycle
2026-01-18 21:39:44 INFO        | Cache bandwidth: 5410814814.082581 bits/second
2026-01-18 21:39:44 INFO        | Multiplying by n_instances 1
2026-01-18 21:39:44 INFO        
2026-01-18 21:39:44 INFO        AREA ESTIMATION for dummy_storage(width=1, depth=1, datawidth=1, technology=-1, has_power_gating=False, n_banks=2, cluster_size=1, reduction_supported=True, multiple_buffering=1, min_utilization=0, allow_overbooking=False, meshX=1, meshY=1, global_cycle_seconds=1e-09, version=0.4, action_latency_cycles=1, cycle_seconds=1e-09, n_instances=1)
2026-01-18 21:39:44 INFO        dummy estimated 1u^2 with accuracy 100%. Messages:
2026-01-18 21:39:44 INFO        | Multiplying by n_instances 1
2026-01-18 21:39:44 INFO        
2026-01-18 21:39:44 INFO        AREA ESTIMATION for SRAM(depth=64, width=8, datawidth=8, block_size=1, has_power_gating=False, n_banks=2, cluster_size=1, reduction_supported=True, multiple_buffering=1, min_utilization=0, allow_overbooking=False, meshX=16, meshY=16, technology=40nm, global_cycle_seconds=1e-09, version=0.4, action_latency_cycles=1, cycle_seconds=1e-09, n_instances=1)
2026-01-18 21:39:44 INFO        CactiSRAM estimated 2.612451923076923e-10 with accuracy 80%. Messages:
2026-01-18 21:39:44 INFO        | Unused arguments (datawidth, block_size, has_power_gating, cluster_size, reduction_supported, multiple_buffering, min_utilization, allow_overbooking, meshX, meshY, global_cycle_seconds, version, action_latency_cycles, cycle_seconds, n_instances) provided for ['SRAM', 'sram'].__init__. Arguments used: (depth, width, n_banks, technology)
2026-01-18 21:39:44 INFO        | Interpolating technology between 32 and 45.
2026-01-18 21:39:44 INFO        | Calling CACTI with cache_size=512 n_rw_ports=1 block_size=4 tech_node_um=0.032 n_banks=2 tag_size=0 associativity=1
2026-01-18 21:39:44 INFO        | Calling CACTI with input path /usr/local/share/accelergy/estimation_plug_ins/accelergy-cacti-plug-in/cacti_inputs_outputs/tmp3gzk__is
2026-01-18 21:39:44 INFO        | CACTI output will be written to /usr/local/share/accelergy/estimation_plug_ins/accelergy-cacti-plug-in/cacti_inputs_outputs/tmpzujpriu4
2026-01-18 21:39:44 INFO        | CACTI executable not found at /usr/local/share/accelergy/estimation_plug_ins/accelergy-cacti-plug-in/cacti/cacti
2026-01-18 21:39:44 INFO        | Calling: cd /usr/local/share/accelergy/estimation_plug_ins/accelergy-cacti-plug-in ; ./cacti -infile /usr/local/share/accelergy/estimation_plug_ins/accelergy-cacti-plug-in/cacti_inputs_outputs/tmp3gzk__is >> /usr/local/share/accelergy/estimation_plug_ins/accelergy-cacti-plug-in/cacti_inputs_outputs/tmpzujpriu4 2>&1
2026-01-18 21:39:44 INFO        | Calling CACTI with cache_size=512 n_rw_ports=1 block_size=4 tech_node_um=0.045 n_banks=2 tag_size=0 associativity=1
2026-01-18 21:39:44 INFO        | Calling CACTI with input path /usr/local/share/accelergy/estimation_plug_ins/accelergy-cacti-plug-in/cacti_inputs_outputs/tmp44kcww4b
2026-01-18 21:39:44 INFO        | CACTI output will be written to /usr/local/share/accelergy/estimation_plug_ins/accelergy-cacti-plug-in/cacti_inputs_outputs/tmpe0jrzai6
2026-01-18 21:39:44 INFO        | CACTI executable not found at /usr/local/share/accelergy/estimation_plug_ins/accelergy-cacti-plug-in/cacti/cacti
2026-01-18 21:39:44 INFO        | Calling: cd /usr/local/share/accelergy/estimation_plug_ins/accelergy-cacti-plug-in ; ./cacti -infile /usr/local/share/accelergy/estimation_plug_ins/accelergy-cacti-plug-in/cacti_inputs_outputs/tmp44kcww4b >> /usr/local/share/accelergy/estimation_plug_ins/accelergy-cacti-plug-in/cacti_inputs_outputs/tmpe0jrzai6 2>&1
2026-01-18 21:39:44 INFO        | Cache bandwidth: 2.0 bytes/cycle
2026-01-18 21:39:44 INFO        | Cache bandwidth: 35925347128.666626 bits/second
2026-01-18 21:39:44 INFO        | Multiplying by n_instances 1
2026-01-18 21:39:44 INFO        
2026-01-18 21:39:44 INFO        AREA ESTIMATION for intmac(width=16, has_power_gating=False, meshX=16, meshY=16, technology=40nm, global_cycle_seconds=1e-09, version=0.4, action_latency_cycles=1, cycle_seconds=1e-09, n_instances=1)
2026-01-18 21:39:44 INFO        Aladdin_table estimated 1726.5u^2 with accuracy 70%. Messages:
2026-01-18 21:39:44 INFO        | Multiplying by n_instances 1
2026-01-18 21:39:44 INFO        flattened architecture is saved to:
2026-01-18 21:39:44 INFO        ./timeloop-mapper.flattened_architecture.yaml
2026-01-18 21:39:44 INFO        energy reference table is saved to:
2026-01-18 21:39:44 INFO        ./timeloop-mapper.ERT.yaml
2026-01-18 21:39:44 INFO        energy reference table summary is saved to:
2026-01-18 21:39:44 INFO        ./timeloop-mapper.ERT_summary.yaml
2026-01-18 21:39:44 WARNING     no runtime energy estimations are generated... not generating energy_estimation.yaml
2026-01-18 21:39:44 INFO        area reference table is saved to:
2026-01-18 21:39:44 INFO        ./timeloop-mapper.ART.yaml
2026-01-18 21:39:44 INFO        area reference table summary is saved to:
2026-01-18 21:39:44 INFO        ./timeloop-mapper.ART_summary.yaml
